loream
aminv@viper MINGW64 ~/OneDrive/Desktop/New folder (main)
$  node index.js
node:internal/modules/cjs/loader:1228
  throw err;
  ^

Error: Cannot find module 'C:\Users\aminv\OneDrive\Desktop\New folder\index.js'
    at Function._resolveFilename (node:internal/modules/cjs/loader:1225:15)
    at Function._load (node:internal/modules/cjs/loader:1055:27)
    at TracingChannel.traceSync (node:diagnostics_channel:322:14)
    at wrapModuleLoad (node:internal/modules/cjs/loader:220:24)
    at Function.executeUserEntryPoint [as runMain] (node:internal/modules/run_main:170:5)
    at node:internal/main/run_main_module:36:49 {
  code: 'MODULE_NOT_FOUND',
  requireStack: []
}

Node.js v22.14.0

aminv@viper MINGW64 ~/OneDrive/Desktop/New folder (main)
$ cd buffer

aminv@viper MINGW64 ~/OneDrive/Desktop/New folder/buffer (main)
$  node index.js
<Buffer 4e 6f 64 65 4a 53>
78
[Function: codePointAt]
(node:6796) [DEP0005] DeprecationWarning: Buffer() is deprecated due to security and usability issues. Please use the Buffer.alloc(), Buffer.allocUnsafe(), or Buffer.from() methods instead.
(Use `node --trace-deprecation ...` to show where the warning was created)

aminv@viper MINGW64 ~/OneDrive/Desktop/New folder/buffer (main)
$  node index.js
<Buffer 4e 6f 64 65 4a 53>
78
78
(node:2628) [DEP0005] DeprecationWarning: Buffer() is deprecated due to security and usability issues. Please use the Buffer.alloc(), Buffer.allocUnsafe(), or Buffer.from() methods instead.
(Use `node --trace-deprecation ...` to show where the warning was created)

aminv@viper MINGW64 ~/OneDrive/Desktop/New folder/buffer (main)
$  node index.js
<Buffer 4e 6f 64 65 4a 53>
78
110
(node:10164) [DEP0005] DeprecationWarning: Buffer() is deprecated due to security and usability issues. Please use the Buffer.alloc(), Buffer.allocUnsafe(), or Buffer.from() methods instead.
(Use `node --trace-deprecation ...` to show where the warning was created)

aminv@viper MINGW64 ~/OneDrive/Desktop/New folder/buffer (main)
$  node index.js
<Buffer 4e 6f 64 65 4a 53>
78
78

aminv@viper MINGW64 ~/OneDrive/Desktop/New folder/buffer (main)
$  node index.js
<Buffer 4e 6f 64 65 4a 53>
78
78
65

aminv@viper MINGW64 ~/OneDrive/Desktop/New folder/buffer (main)
$  node index.js
<Buffer 4e 6f 64 65 4a 53>
78
[Function: codePointAt]
78

aminv@viper MINGW64 ~/OneDrive/Desktop/New folder/buffer (main)
$  node index.js
<Buffer 4e 6f 64 65 4a 53>
78
78
78
4e

aminv@viper MINGW64 ~/OneDrive/Desktop/New folder/buffer (main)
$  node index.js
<Buffer 4e 6f 64 65 4a 53>
78
78
78
4e
node:buffer:862
    throw new ERR_UNKNOWN_ENCODING(encoding);
    ^

TypeError [ERR_UNKNOWN_ENCODING]: Unknown encoding: 16
    at Buffer.toString (node:buffer:862:11)
    at Object.<anonymous> (C:\Users\aminv\OneDrive\Desktop\New folder\buffer\index.js:7:19)
    at Module._compile (node:internal/modules/cjs/loader:1554:14)
    at Object..js (node:internal/modules/cjs/loader:1706:10)
    at Module.load (node:internal/modules/cjs/loader:1289:32)
    at Function._load (node:internal/modules/cjs/loader:1108:12)
    at TracingChannel.traceSync (node:diagnostics_channel:322:14)
    at wrapModuleLoad (node:internal/modules/cjs/loader:220:24)
    at Function.executeUserEntryPoint [as runMain] (node:internal/modules/run_main:170:5)
    at node:internal/main/run_main_module:36:49 {
  code: 'ERR_UNKNOWN_ENCODING'
}

Node.js v22.14.0

aminv@viper MINGW64 ~/OneDrive/Desktop/New folder/buffer (main)
$  node index.js
<Buffer 4e 6f 64 65 4a 53>
78
78
78
4e
NodeJS

aminv@viper MINGW64 ~/OneDrive/Desktop/New folder/buffer (main)
$  node index.js
<Buffer 00 00 00 00>
0
78
78
4e


aminv@viper MINGW64 ~/OneDrive/Desktop/New folder/buffer (main)
$  node index.js
<Buffer 00 00 00 00>
0
78
78
4e


aminv@viper MINGW64 ~/OneDrive/Desktop/New folder/buffer (main)
$  node index.js
C:\Users\aminv\OneDrive\Desktop\New folder\buffer\index.js:13
 Buffer.write("Node")
        ^

TypeError: Buffer.write is not a function
    at Object.<anonymous> (C:\Users\aminv\OneDrive\Desktop\New folder\buffer\index.js:13:9)
    at Module._compile (node:internal/modules/cjs/loader:1554:14)
    at Object..js (node:internal/modules/cjs/loader:1706:10)
    at Module.load (node:internal/modules/cjs/loader:1289:32)
    at Function._load (node:internal/modules/cjs/loader:1108:12)
    at TracingChannel.traceSync (node:diagnostics_channel:322:14)
    at wrapModuleLoad (node:internal/modules/cjs/loader:220:24)
    at Function.executeUserEntryPoint [as runMain] (node:internal/modules/run_main:170:5)
    at node:internal/main/run_main_module:36:49

Node.js v22.14.0

aminv@viper MINGW64 ~/OneDrive/Desktop/New folder/buffer (main)
$  node index.js
C:\Users\aminv\OneDrive\Desktop\New folder\buffer\index.js:13
 Buffer.write("Node")
        ^

TypeError: Buffer.write is not a function
    at Object.<anonymous> (C:\Users\aminv\OneDrive\Desktop\New folder\buffer\index.js:13:9)
    at Module._compile (node:internal/modules/cjs/loader:1554:14)
    at Object..js (node:internal/modules/cjs/loader:1706:10)
    at Module.load (node:internal/modules/cjs/loader:1289:32)
    at Function._load (node:internal/modules/cjs/loader:1108:12)
    at TracingChannel.traceSync (node:diagnostics_channel:322:14)
    at wrapModuleLoad (node:internal/modules/cjs/loader:220:24)
    at Function.executeUserEntryPoint [as runMain] (node:internal/modules/run_main:170:5)
    at node:internal/main/run_main_module:36:49

Node.js v22.14.0

aminv@viper MINGW64 ~/OneDrive/Desktop/New folder/buffer (main)
$  node index.js
<Buffer 4e 6f 64 65>
78
78
78
4e
Node

aminv@viper MINGW64 ~/OneDrive/Desktop/New folder/buffer (main)
$ ^C

aminv@viper MINGW64 ~/OneDrive/Desktop/New folder/buffer (main)
$  git status
On branch main
Your branch is up to date with 'origin/main'.

Untracked files:
  (use "git add <file>..." to include in what will be committed)
        ./

nothing added to commit but untracked files present (use "git add" to track)

aminv@viper MINGW64 ~/OneDrive/Desktop/New folder/buffer (main)
$   git add -A
warning: in the working copy of 'buffer/package.json', LF will be replaced by CRLF the next time Git touches it

aminv@viper MINGW64 ~/OneDrive/Desktop/New folder/buffer (main)
$   git add -A

aminv@viper MINGW64 ~/OneDrive/Desktop/New folder/buffer (main)
$ cd ..

aminv@viper MINGW64 ~/OneDrive/Desktop/New folder (main)
$  git status
On branch main
Your branch is up to date with 'origin/main'.

Changes to be committed:
  (use "git restore --staged <file>..." to unstage)
        new file:   buffer/index.js
        new file:   buffer/package.json


aminv@viper MINGW64 ~/OneDrive/Desktop/New folder (main)
$   cd buffer

aminv@viper MINGW64 ~/OneDrive/Desktop/New folder/buffer (main)
$  git commit -m" buffer data type sec:128"
[main 34e99ce]  buffer data type sec:128
 2 files changed, 36 insertions(+)
 create mode 100644 buffer/index.js
 create mode 100644 buffer/package.json

aminv@viper MINGW64 ~/OneDrive/Desktop/New folder/buffer (main)
$  git push
Enumerating objects: 6, done.
Counting objects: 100% (6/6), done.
Delta compression using up to 4 threads
Compressing objects: 100% (5/5), done.
Writing objects: 100% (5/5), 709 bytes | 709.00 KiB/s, done.
Total 5 (delta 1), reused 0 (delta 0), pack-reused 0 (from 0)
remote: Resolving deltas: 100% (1/1), completed with 1 local object.
To https://github.com/aminvv/nodejs.git
   10069b5..34e99ce  main -> main

aminv@viper MINGW64 ~/OneDrive/Desktop/New folder/buffer (main)
$  node index.js
[Function: toJSON]
object

aminv@viper MINGW64 ~/OneDrive/Desktop/New folder/buffer (main)
$  node index.js
{ type: 'Buffer', data: [ 78, 111, 100, 101, 74, 83 ] }
object

aminv@viper MINGW64 ~/OneDrive/Desktop/New folder/buffer (main)
$  node index.js
C:\Users\aminv\OneDrive\Desktop\New folder\buffer\index.js:26
const buff=Buffer.from("NodeJS")
      ^

SyntaxError: Identifier 'buff' has already been declared
    at wrapSafe (node:internal/modules/cjs/loader:1486:18)
    at Module._compile (node:internal/modules/cjs/loader:1528:20)
    at Object..js (node:internal/modules/cjs/loader:1706:10)
    at Module.load (node:internal/modules/cjs/loader:1289:32)
    at Function._load (node:internal/modules/cjs/loader:1108:12)
    at TracingChannel.traceSync (node:diagnostics_channel:322:14)
    at wrapModuleLoad (node:internal/modules/cjs/loader:220:24)
    at Function.executeUserEntryPoint [as runMain] (node:internal/modules/run_main:170:5)
    at node:internal/main/run_main_module:36:49

Node.js v22.14.0

aminv@viper MINGW64 ~/OneDrive/Desktop/New folder/buffer (main)
$  node index.js
<Buffer 4e 6e 64 65>
78
78
78
4e
Nnde
{ type: 'Buffer', data: [ 78, 111, 100, 101, 74, 83 ] }
object

aminv@viper MINGW64 ~/OneDrive/Desktop/New folder/buffer (main)
$  node index.js
{ type: 'Buffer', data: [ 78, 111, 100, 101, 74, 83 ] }
object
NodeJS

aminv@viper MINGW64 ~/OneDrive/Desktop/New folder/buffer (main)
$  node index.js
{ type: 'Buffer', data: [ 78, 111, 100, 101, 74, 83 ] }
object
buff2 NodeJS

aminv@viper MINGW64 ~/OneDrive/Desktop/New folder/buffer (main)
$  node index.js
{ type: 'Buffer', data: [ 78, 111, 100, 101, 74, 83 ] }
object
NodeJS

aminv@viper MINGW64 ~/OneDrive/Desktop/New folder/buffer (main)
$ ^C

aminv@viper MINGW64 ~/OneDrive/Desktop/New folder/buffer (main)
$  git status
On branch main
Your branch is up to date with 'origin/main'.

Changes not staged for commit:
  (use "git add <file>..." to update what will be committed)
  (use "git restore <file>..." to discard changes in working directory)
        modified:   index.js

no changes added to commit (use "git add" and/or "git commit -a")

aminv@viper MINGW64 ~/OneDrive/Desktop/New folder/buffer (main)
$  git add -A

aminv@viper MINGW64 ~/OneDrive/Desktop/New folder/buffer (main)
$ git commit -m" buffer dataType part2 sec:129"
[main 05ad52a]  buffer dataType part2 sec:129
 1 file changed, 9 insertions(+), 2 deletions(-)
loream
aminv@viper MINGW64 ~/OneDrive/Desktop/New folder (main)
$  node index.js
node:internal/modules/cjs/loader:1228
  throw err;
  ^

Error: Cannot find module 'C:\Users\aminv\OneDrive\Desktop\New folder\index.js'
    at Function._resolveFilename (node:internal/modules/cjs/loader:1225:15)
    at Function._load (node:internal/modules/cjs/loader:1055:27)
    at TracingChannel.traceSync (node:diagnostics_channel:322:14)
    at wrapModuleLoad (node:internal/modules/cjs/loader:220:24)
    at Function.executeUserEntryPoint [as runMain] (node:internal/modules/run_main:170:5)
    at node:internal/main/run_main_module:36:49 {
  code: 'MODULE_NOT_FOUND',
  requireStack: []
}

Node.js v22.14.0

aminv@viper MINGW64 ~/OneDrive/Desktop/New folder (main)
$ cd buffer

aminv@viper MINGW64 ~/OneDrive/Desktop/New folder/buffer (main)
$  node index.js
<Buffer 4e 6f 64 65 4a 53>
78
[Function: codePointAt]
(node:6796) [DEP0005] DeprecationWarning: Buffer() is deprecated due to security and usability issues. Please use the Buffer.alloc(), Buffer.allocUnsafe(), or Buffer.from() methods instead.
(Use `node --trace-deprecation ...` to show where the warning was created)

aminv@viper MINGW64 ~/OneDrive/Desktop/New folder/buffer (main)
$  node index.js
<Buffer 4e 6f 64 65 4a 53>
78
78
(node:2628) [DEP0005] DeprecationWarning: Buffer() is deprecated due to security and usability issues. Please use the Buffer.alloc(), Buffer.allocUnsafe(), or Buffer.from() methods instead.
(Use `node --trace-deprecation ...` to show where the warning was created)

aminv@viper MINGW64 ~/OneDrive/Desktop/New folder/buffer (main)
$  node index.js
<Buffer 4e 6f 64 65 4a 53>
78
110
(node:10164) [DEP0005] DeprecationWarning: Buffer() is deprecated due to security and usability issues. Please use the Buffer.alloc(), Buffer.allocUnsafe(), or Buffer.from() methods instead.
(Use `node --trace-deprecation ...` to show where the warning was created)

aminv@viper MINGW64 ~/OneDrive/Desktop/New folder/buffer (main)
$  node index.js
<Buffer 4e 6f 64 65 4a 53>
78
78

aminv@viper MINGW64 ~/OneDrive/Desktop/New folder/buffer (main)
$  node index.js
<Buffer 4e 6f 64 65 4a 53>
78
78
65

aminv@viper MINGW64 ~/OneDrive/Desktop/New folder/buffer (main)
$  node index.js
<Buffer 4e 6f 64 65 4a 53>
78
[Function: codePointAt]
78

aminv@viper MINGW64 ~/OneDrive/Desktop/New folder/buffer (main)
$  node index.js
<Buffer 4e 6f 64 65 4a 53>
78
78
78
4e

aminv@viper MINGW64 ~/OneDrive/Desktop/New folder/buffer (main)
$  node index.js
<Buffer 4e 6f 64 65 4a 53>
78
78
78
4e
node:buffer:862
    throw new ERR_UNKNOWN_ENCODING(encoding);
    ^

TypeError [ERR_UNKNOWN_ENCODING]: Unknown encoding: 16
    at Buffer.toString (node:buffer:862:11)
    at Object.<anonymous> (C:\Users\aminv\OneDrive\Desktop\New folder\buffer\index.js:7:19)
    at Module._compile (node:internal/modules/cjs/loader:1554:14)
    at Object..js (node:internal/modules/cjs/loader:1706:10)
    at Module.load (node:internal/modules/cjs/loader:1289:32)
    at Function._load (node:internal/modules/cjs/loader:1108:12)
    at TracingChannel.traceSync (node:diagnostics_channel:322:14)
    at wrapModuleLoad (node:internal/modules/cjs/loader:220:24)
    at Function.executeUserEntryPoint [as runMain] (node:internal/modules/run_main:170:5)
    at node:internal/main/run_main_module:36:49 {
  code: 'ERR_UNKNOWN_ENCODING'
}

Node.js v22.14.0

aminv@viper MINGW64 ~/OneDrive/Desktop/New folder/buffer (main)
$  node index.js
<Buffer 4e 6f 64 65 4a 53>
78
78
78
4e
NodeJS

aminv@viper MINGW64 ~/OneDrive/Desktop/New folder/buffer (main)
$  node index.js
<Buffer 00 00 00 00>
0
78
78
4e


aminv@viper MINGW64 ~/OneDrive/Desktop/New folder/buffer (main)
$  node index.js
<Buffer 00 00 00 00>
0
78
78
4e


aminv@viper MINGW64 ~/OneDrive/Desktop/New folder/buffer (main)
$  node index.js
C:\Users\aminv\OneDrive\Desktop\New folder\buffer\index.js:13
 Buffer.write("Node")
        ^

TypeError: Buffer.write is not a function
    at Object.<anonymous> (C:\Users\aminv\OneDrive\Desktop\New folder\buffer\index.js:13:9)
    at Module._compile (node:internal/modules/cjs/loader:1554:14)
    at Object..js (node:internal/modules/cjs/loader:1706:10)
    at Module.load (node:internal/modules/cjs/loader:1289:32)
    at Function._load (node:internal/modules/cjs/loader:1108:12)
    at TracingChannel.traceSync (node:diagnostics_channel:322:14)
    at wrapModuleLoad (node:internal/modules/cjs/loader:220:24)
    at Function.executeUserEntryPoint [as runMain] (node:internal/modules/run_main:170:5)
    at node:internal/main/run_main_module:36:49

Node.js v22.14.0

aminv@viper MINGW64 ~/OneDrive/Desktop/New folder/buffer (main)
$  node index.js
C:\Users\aminv\OneDrive\Desktop\New folder\buffer\index.js:13
 Buffer.write("Node")
        ^

TypeError: Buffer.write is not a function
    at Object.<anonymous> (C:\Users\aminv\OneDrive\Desktop\New folder\buffer\index.js:13:9)
    at Module._compile (node:internal/modules/cjs/loader:1554:14)
    at Object..js (node:internal/modules/cjs/loader:1706:10)
    at Module.load (node:internal/modules/cjs/loader:1289:32)
    at Function._load (node:internal/modules/cjs/loader:1108:12)
    at TracingChannel.traceSync (node:diagnostics_channel:322:14)
    at wrapModuleLoad (node:internal/modules/cjs/loader:220:24)
    at Function.executeUserEntryPoint [as runMain] (node:internal/modules/run_main:170:5)
    at node:internal/main/run_main_module:36:49

Node.js v22.14.0

aminv@viper MINGW64 ~/OneDrive/Desktop/New folder/buffer (main)
$  node index.js
<Buffer 4e 6f 64 65>
78
78
78
4e
Node

aminv@viper MINGW64 ~/OneDrive/Desktop/New folder/buffer (main)
$ ^C

aminv@viper MINGW64 ~/OneDrive/Desktop/New folder/buffer (main)
$  git status
On branch main
Your branch is up to date with 'origin/main'.

Untracked files:
  (use "git add <file>..." to include in what will be committed)
        ./

nothing added to commit but untracked files present (use "git add" to track)

aminv@viper MINGW64 ~/OneDrive/Desktop/New folder/buffer (main)
$   git add -A
warning: in the working copy of 'buffer/package.json', LF will be replaced by CRLF the next time Git touches it

aminv@viper MINGW64 ~/OneDrive/Desktop/New folder/buffer (main)
$   git add -A

aminv@viper MINGW64 ~/OneDrive/Desktop/New folder/buffer (main)
$ cd ..

aminv@viper MINGW64 ~/OneDrive/Desktop/New folder (main)
$  git status
On branch main
Your branch is up to date with 'origin/main'.

Changes to be committed:
  (use "git restore --staged <file>..." to unstage)
        new file:   buffer/index.js
        new file:   buffer/package.json


aminv@viper MINGW64 ~/OneDrive/Desktop/New folder (main)
$   cd buffer

aminv@viper MINGW64 ~/OneDrive/Desktop/New folder/buffer (main)
$  git commit -m" buffer data type sec:128"
[main 34e99ce]  buffer data type sec:128
 2 files changed, 36 insertions(+)
 create mode 100644 buffer/index.js
 create mode 100644 buffer/package.json

aminv@viper MINGW64 ~/OneDrive/Desktop/New folder/buffer (main)
$  git push
Enumerating objects: 6, done.
Counting objects: 100% (6/6), done.
Delta compression using up to 4 threads
Compressing objects: 100% (5/5), done.
Writing objects: 100% (5/5), 709 bytes | 709.00 KiB/s, done.
Total 5 (delta 1), reused 0 (delta 0), pack-reused 0 (from 0)
remote: Resolving deltas: 100% (1/1), completed with 1 local object.
To https://github.com/aminvv/nodejs.git
   10069b5..34e99ce  main -> main

aminv@viper MINGW64 ~/OneDrive/Desktop/New folder/buffer (main)
$  node index.js
[Function: toJSON]
object

aminv@viper MINGW64 ~/OneDrive/Desktop/New folder/buffer (main)
$  node index.js
{ type: 'Buffer', data: [ 78, 111, 100, 101, 74, 83 ] }
object

aminv@viper MINGW64 ~/OneDrive/Desktop/New folder/buffer (main)
$  node index.js
C:\Users\aminv\OneDrive\Desktop\New folder\buffer\index.js:26
const buff=Buffer.from("NodeJS")
      ^

SyntaxError: Identifier 'buff' has already been declared
    at wrapSafe (node:internal/modules/cjs/loader:1486:18)
    at Module._compile (node:internal/modules/cjs/loader:1528:20)
    at Object..js (node:internal/modules/cjs/loader:1706:10)
    at Module.load (node:internal/modules/cjs/loader:1289:32)
    at Function._load (node:internal/modules/cjs/loader:1108:12)
    at TracingChannel.traceSync (node:diagnostics_channel:322:14)
    at wrapModuleLoad (node:internal/modules/cjs/loader:220:24)
    at Function.executeUserEntryPoint [as runMain] (node:internal/modules/run_main:170:5)
    at node:internal/main/run_main_module:36:49

Node.js v22.14.0

aminv@viper MINGW64 ~/OneDrive/Desktop/New folder/buffer (main)
$  node index.js
<Buffer 4e 6e 64 65>
78
78
78
4e
Nnde
{ type: 'Buffer', data: [ 78, 111, 100, 101, 74, 83 ] }
object

aminv@viper MINGW64 ~/OneDrive/Desktop/New folder/buffer (main)
$  node index.js
{ type: 'Buffer', data: [ 78, 111, 100, 101, 74, 83 ] }
object
NodeJS

aminv@viper MINGW64 ~/OneDrive/Desktop/New folder/buffer (main)
$  node index.js
{ type: 'Buffer', data: [ 78, 111, 100, 101, 74, 83 ] }
object
buff2 NodeJS

aminv@viper MINGW64 ~/OneDrive/Desktop/New folder/buffer (main)
$  node index.js
{ type: 'Buffer', data: [ 78, 111, 100, 101, 74, 83 ] }
object
NodeJS

aminv@viper MINGW64 ~/OneDrive/Desktop/New folder/buffer (main)
$ ^C

aminv@viper MINGW64 ~/OneDrive/Desktop/New folder/buffer (main)
$  git status
On branch main
Your branch is up to date with 'origin/main'.

Changes not staged for commit:
  (use "git add <file>..." to update what will be committed)
  (use "git restore <file>..." to discard changes in working directory)
        modified:   index.js

no changes added to commit (use "git add" and/or "git commit -a")

aminv@viper MINGW64 ~/OneDrive/Desktop/New folder/buffer (main)
$  git add -A

aminv@viper MINGW64 ~/OneDrive/Desktop/New folder/buffer (main)
$ git commit -m" buffer dataType part2 sec:129"
[main 05ad52a]  buffer dataType part2 sec:129loream
aminv@viper MINGW64 ~/OneDrive/Desktop/New folder (main)
$  node index.js
node:internal/modules/cjs/loader:1228
  throw err;
  ^

Error: Cannot find module 'C:\Users\aminv\OneDrive\Desktop\New folder\index.js'
    at Function._resolveFilename (node:internal/modules/cjs/loader:1225:15)
    at Function._load (node:internal/modules/cjs/loader:1055:27)
    at TracingChannel.traceSync (node:diagnostics_channel:322:14)
    at wrapModuleLoad (node:internal/modules/cjs/loader:220:24)
    at Function.executeUserEntryPoint [as runMain] (node:internal/modules/run_main:170:5)
    at node:internal/main/run_main_module:36:49 {
  code: 'MODULE_NOT_FOUND',
  requireStack: []
}

Node.js v22.14.0

aminv@viper MINGW64 ~/OneDrive/Desktop/New folder (main)
$ cd buffer

aminv@viper MINGW64 ~/OneDrive/Desktop/New folder/buffer (main)
$  node index.js
<Buffer 4e 6f 64 65 4a 53>
78
[Function: codePointAt]
(node:6796) [DEP0005] DeprecationWarning: Buffer() is deprecated due to security and usability issues. Please use the Buffer.alloc(), Buffer.allocUnsafe(), or Buffer.from() methods instead.
(Use `node --trace-deprecation ...` to show where the warning was created)

aminv@viper MINGW64 ~/OneDrive/Desktop/New folder/buffer (main)
$  node index.js
<Buffer 4e 6f 64 65 4a 53>
78
78
(node:2628) [DEP0005] DeprecationWarning: Buffer() is deprecated due to security and usability issues. Please use the Buffer.alloc(), Buffer.allocUnsafe(), or Buffer.from() methods instead.
(Use `node --trace-deprecation ...` to show where the warning was created)

aminv@viper MINGW64 ~/OneDrive/Desktop/New folder/buffer (main)
$  node index.js
<Buffer 4e 6f 64 65 4a 53>
78
110
(node:10164) [DEP0005] DeprecationWarning: Buffer() is deprecated due to security and usability issues. Please use the Buffer.alloc(), Buffer.allocUnsafe(), or Buffer.from() methods instead.
(Use `node --trace-deprecation ...` to show where the warning was created)

aminv@viper MINGW64 ~/OneDrive/Desktop/New folder/buffer (main)
$  node index.js
<Buffer 4e 6f 64 65 4a 53>
78
78

aminv@viper MINGW64 ~/OneDrive/Desktop/New folder/buffer (main)
$  node index.js
<Buffer 4e 6f 64 65 4a 53>
78
78
65

aminv@viper MINGW64 ~/OneDrive/Desktop/New folder/buffer (main)
$  node index.js
<Buffer 4e 6f 64 65 4a 53>
78
[Function: codePointAt]
78

aminv@viper MINGW64 ~/OneDrive/Desktop/New folder/buffer (main)
$  node index.js
<Buffer 4e 6f 64 65 4a 53>
78
78
78
4e

aminv@viper MINGW64 ~/OneDrive/Desktop/New folder/buffer (main)
$  node index.js
<Buffer 4e 6f 64 65 4a 53>
78
78
78
4e
node:buffer:862
    throw new ERR_UNKNOWN_ENCODING(encoding);
    ^

TypeError [ERR_UNKNOWN_ENCODING]: Unknown encoding: 16
    at Buffer.toString (node:buffer:862:11)
    at Object.<anonymous> (C:\Users\aminv\OneDrive\Desktop\New folder\buffer\index.js:7:19)
    at Module._compile (node:internal/modules/cjs/loader:1554:14)
    at Object..js (node:internal/modules/cjs/loader:1706:10)
    at Module.load (node:internal/modules/cjs/loader:1289:32)
    at Function._load (node:internal/modules/cjs/loader:1108:12)
    at TracingChannel.traceSync (node:diagnostics_channel:322:14)
    at wrapModuleLoad (node:internal/modules/cjs/loader:220:24)
    at Function.executeUserEntryPoint [as runMain] (node:internal/modules/run_main:170:5)
    at node:internal/main/run_main_module:36:49 {
  code: 'ERR_UNKNOWN_ENCODING'
}

Node.js v22.14.0

aminv@viper MINGW64 ~/OneDrive/Desktop/New folder/buffer (main)
$  node index.js
<Buffer 4e 6f 64 65 4a 53>
78
78
78
4e
NodeJS

aminv@viper MINGW64 ~/OneDrive/Desktop/New folder/buffer (main)
$  node index.js
<Buffer 00 00 00 00>
0
78
78
4e


aminv@viper MINGW64 ~/OneDrive/Desktop/New folder/buffer (main)
$  node index.js
<Buffer 00 00 00 00>
0
78
78
4e


aminv@viper MINGW64 ~/OneDrive/Desktop/New folder/buffer (main)
$  node index.js
C:\Users\aminv\OneDrive\Desktop\New folder\buffer\index.js:13
 Buffer.write("Node")
        ^

TypeError: Buffer.write is not a function
    at Object.<anonymous> (C:\Users\aminv\OneDrive\Desktop\New folder\buffer\index.js:13:9)
    at Module._compile (node:internal/modules/cjs/loader:1554:14)
    at Object..js (node:internal/modules/cjs/loader:1706:10)
    at Module.load (node:internal/modules/cjs/loader:1289:32)
    at Function._load (node:internal/modules/cjs/loader:1108:12)
    at TracingChannel.traceSync (node:diagnostics_channel:322:14)
    at wrapModuleLoad (node:internal/modules/cjs/loader:220:24)
    at Function.executeUserEntryPoint [as runMain] (node:internal/modules/run_main:170:5)
    at node:internal/main/run_main_module:36:49

Node.js v22.14.0

aminv@viper MINGW64 ~/OneDrive/Desktop/New folder/buffer (main)
$  node index.js
C:\Users\aminv\OneDrive\Desktop\New folder\buffer\index.js:13
 Buffer.write("Node")
        ^

TypeError: Buffer.write is not a function
    at Object.<anonymous> (C:\Users\aminv\OneDrive\Desktop\New folder\buffer\index.js:13:9)
    at Module._compile (node:internal/modules/cjs/loader:1554:14)
    at Object..js (node:internal/modules/cjs/loader:1706:10)
    at Module.load (node:internal/modules/cjs/loader:1289:32)
    at Function._load (node:internal/modules/cjs/loader:1108:12)
    at TracingChannel.traceSync (node:diagnostics_channel:322:14)
    at wrapModuleLoad (node:internal/modules/cjs/loader:220:24)
    at Function.executeUserEntryPoint [as runMain] (node:internal/modules/run_main:170:5)
    at node:internal/main/run_main_module:36:49

Node.js v22.14.0

aminv@viper MINGW64 ~/OneDrive/Desktop/New folder/buffer (main)
$  node index.js
<Buffer 4e 6f 64 65>
78
78
78
4e
Node

aminv@viper MINGW64 ~/OneDrive/Desktop/New folder/buffer (main)
$ ^C

aminv@viper MINGW64 ~/OneDrive/Desktop/New folder/buffer (main)
$  git status
On branch main
Your branch is up to date with 'origin/main'.

Untracked files:
  (use "git add <file>..." to include in what will be committed)
        ./

nothing added to commit but untracked files present (use "git add" to track)

aminv@viper MINGW64 ~/OneDrive/Desktop/New folder/buffer (main)
$   git add -A
warning: in the working copy of 'buffer/package.json', LF will be replaced by CRLF the next time Git touches it

aminv@viper MINGW64 ~/OneDrive/Desktop/New folder/buffer (main)
$   git add -A

aminv@viper MINGW64 ~/OneDrive/Desktop/New folder/buffer (main)
$ cd ..

aminv@viper MINGW64 ~/OneDrive/Desktop/New folder (main)
$  git status
On branch main
Your branch is up to date with 'origin/main'.

Changes to be committed:
  (use "git restore --staged <file>..." to unstage)
        new file:   buffer/index.js
        new file:   buffer/package.json


aminv@viper MINGW64 ~/OneDrive/Desktop/New folder (main)
$   cd buffer

aminv@viper MINGW64 ~/OneDrive/Desktop/New folder/buffer (main)
$  git commit -m" buffer data type sec:128"
[main 34e99ce]  buffer data type sec:128
 2 files changed, 36 insertions(+)
 create mode 100644 buffer/index.js
 create mode 100644 buffer/package.json

aminv@viper MINGW64 ~/OneDrive/Desktop/New folder/buffer (main)
$  git push
Enumerating objects: 6, done.
Counting objects: 100% (6/6), done.
Delta compression using up to 4 threads
Compressing objects: 100% (5/5), done.
Writing objects: 100% (5/5), 709 bytes | 709.00 KiB/s, done.
Total 5 (delta 1), reused 0 (delta 0), pack-reused 0 (from 0)
remote: Resolving deltas: 100% (1/1), completed with 1 local object.
To https://github.com/aminvv/nodejs.git
   10069b5..34e99ce  main -> main

aminv@viper MINGW64 ~/OneDrive/Desktop/New folder/buffer (main)
$  node index.js
[Function: toJSON]
object

aminv@viper MINGW64 ~/OneDrive/Desktop/New folder/buffer (main)
$  node index.js
{ type: 'Buffer', data: [ 78, 111, 100, 101, 74, 83 ] }
object

aminv@viper MINGW64 ~/OneDrive/Desktop/New folder/buffer (main)
$  node index.js
C:\Users\aminv\OneDrive\Desktop\New folder\buffer\index.js:26
const buff=Buffer.from("NodeJS")
      ^

SyntaxError: Identifier 'buff' has already been declared
    at wrapSafe (node:internal/modules/cjs/loader:1486:18)
    at Module._compile (node:internal/modules/cjs/loader:1528:20)
    at Object..js (node:internal/modules/cjs/loader:1706:10)
    at Module.load (node:internal/modules/cjs/loader:1289:32)
    at Function._load (node:internal/modules/cjs/loader:1108:12)
    at TracingChannel.traceSync (node:diagnostics_channel:322:14)
    at wrapModuleLoad (node:internal/modules/cjs/loader:220:24)
    at Function.executeUserEntryPoint [as runMain] (node:internal/modules/run_main:170:5)
    at node:internal/main/run_main_module:36:49

Node.js v22.14.0

aminv@viper MINGW64 ~/OneDrive/Desktop/New folder/buffer (main)
$  node index.js
<Buffer 4e 6e 64 65>
78
78
78
4e
Nnde
{ type: 'Buffer', data: [ 78, 111, 100, 101, 74, 83 ] }
object

aminv@viper MINGW64 ~/OneDrive/Desktop/New folder/buffer (main)
$  node index.js
{ type: 'Buffer', data: [ 78, 111, 100, 101, 74, 83 ] }
object
NodeJS

aminv@viper MINGW64 ~/OneDrive/Desktop/New folder/buffer (main)
$  node index.js
{ type: 'Buffer', data: [ 78, 111, 100, 101, 74, 83 ] }
object
buff2 NodeJS

aminv@viper MINGW64 ~/OneDrive/Desktop/New folder/buffer (main)
$  node index.js
{ type: 'Buffer', data: [ 78, 111, 100, 101, 74, 83 ] }
object
NodeJS

aminv@viper MINGW64 ~/OneDrive/Desktop/New folder/buffer (main)
$ ^C

aminv@viper MINGW64 ~/OneDrive/Desktop/New folder/buffer (main)
$  git status
On branch main
Your branch is up to date with 'origin/main'.

Changes not staged for commit:
  (use "git add <file>..." to update what will be committed)
  (use "git restore <file>..." to discard changes in working directory)
        modified:   index.js

no changes added to commit (use "git add" and/or "git commit -a")

aminv@viper MINGW64 ~/OneDrive/Desktop/New folder/buffer (main)
$  git add -A

aminv@viper MINGW64 ~/OneDrive/Desktop/New folder/buffer (main)
$ git commit -m" buffer dataType part2 sec:129"
[main 05ad52a]  buffer dataType part2 sec:129loream
aminv@viper MINGW64 ~/OneDrive/Desktop/New folder (main)
$  node index.js
node:internal/modules/cjs/loader:1228
  throw err;
  ^

Error: Cannot find module 'C:\Users\aminv\OneDrive\Desktop\New folder\index.js'
    at Function._resolveFilename (node:internal/modules/cjs/loader:1225:15)
    at Function._load (node:internal/modules/cjs/loader:1055:27)
    at TracingChannel.traceSync (node:diagnostics_channel:322:14)
    at wrapModuleLoad (node:internal/modules/cjs/loader:220:24)
    at Function.executeUserEntryPoint [as runMain] (node:internal/modules/run_main:170:5)
    at node:internal/main/run_main_module:36:49 {
  code: 'MODULE_NOT_FOUND',
  requireStack: []
}

Node.js v22.14.0

aminv@viper MINGW64 ~/OneDrive/Desktop/New folder (main)
$ cd buffer

aminv@viper MINGW64 ~/OneDrive/Desktop/New folder/buffer (main)
$  node index.js
<Buffer 4e 6f 64 65 4a 53>
78
[Function: codePointAt]
(node:6796) [DEP0005] DeprecationWarning: Buffer() is deprecated due to security and usability issues. Please use the Buffer.alloc(), Buffer.allocUnsafe(), or Buffer.from() methods instead.
(Use `node --trace-deprecation ...` to show where the warning was created)

aminv@viper MINGW64 ~/OneDrive/Desktop/New folder/buffer (main)
$  node index.js
<Buffer 4e 6f 64 65 4a 53>
78
78
(node:2628) [DEP0005] DeprecationWarning: Buffer() is deprecated due to security and usability issues. Please use the Buffer.alloc(), Buffer.allocUnsafe(), or Buffer.from() methods instead.
(Use `node --trace-deprecation ...` to show where the warning was created)

aminv@viper MINGW64 ~/OneDrive/Desktop/New folder/buffer (main)
$  node index.js
<Buffer 4e 6f 64 65 4a 53>
78
110
(node:10164) [DEP0005] DeprecationWarning: Buffer() is deprecated due to security and usability issues. Please use the Buffer.alloc(), Buffer.allocUnsafe(), or Buffer.from() methods instead.
(Use `node --trace-deprecation ...` to show where the warning was created)

aminv@viper MINGW64 ~/OneDrive/Desktop/New folder/buffer (main)
$  node index.js
<Buffer 4e 6f 64 65 4a 53>
78
78

aminv@viper MINGW64 ~/OneDrive/Desktop/New folder/buffer (main)
$  node index.js
<Buffer 4e 6f 64 65 4a 53>
78
78
65

aminv@viper MINGW64 ~/OneDrive/Desktop/New folder/buffer (main)
$  node index.js
<Buffer 4e 6f 64 65 4a 53>
78
[Function: codePointAt]
78

aminv@viper MINGW64 ~/OneDrive/Desktop/New folder/buffer (main)
$  node index.js
<Buffer 4e 6f 64 65 4a 53>
78
78
78
4e

aminv@viper MINGW64 ~/OneDrive/Desktop/New folder/buffer (main)
$  node index.js
<Buffer 4e 6f 64 65 4a 53>
78
78
78
4e
node:buffer:862
    throw new ERR_UNKNOWN_ENCODING(encoding);
    ^

TypeError [ERR_UNKNOWN_ENCODING]: Unknown encoding: 16
    at Buffer.toString (node:buffer:862:11)
    at Object.<anonymous> (C:\Users\aminv\OneDrive\Desktop\New folder\buffer\index.js:7:19)
    at Module._compile (node:internal/modules/cjs/loader:1554:14)
    at Object..js (node:internal/modules/cjs/loader:1706:10)
    at Module.load (node:internal/modules/cjs/loader:1289:32)
    at Function._load (node:internal/modules/cjs/loader:1108:12)
    at TracingChannel.traceSync (node:diagnostics_channel:322:14)
    at wrapModuleLoad (node:internal/modules/cjs/loader:220:24)
    at Function.executeUserEntryPoint [as runMain] (node:internal/modules/run_main:170:5)
    at node:internal/main/run_main_module:36:49 {
  code: 'ERR_UNKNOWN_ENCODING'
}

Node.js v22.14.0

aminv@viper MINGW64 ~/OneDrive/Desktop/New folder/buffer (main)
$  node index.js
<Buffer 4e 6f 64 65 4a 53>
78
78
78
4e
NodeJS

aminv@viper MINGW64 ~/OneDrive/Desktop/New folder/buffer (main)
$  node index.js
<Buffer 00 00 00 00>
0
78
78
4e


aminv@viper MINGW64 ~/OneDrive/Desktop/New folder/buffer (main)
$  node index.js
<Buffer 00 00 00 00>
0
78
78
4e


aminv@viper MINGW64 ~/OneDrive/Desktop/New folder/buffer (main)
$  node index.js
C:\Users\aminv\OneDrive\Desktop\New folder\buffer\index.js:13
 Buffer.write("Node")
        ^

TypeError: Buffer.write is not a function
    at Object.<anonymous> (C:\Users\aminv\OneDrive\Desktop\New folder\buffer\index.js:13:9)
    at Module._compile (node:internal/modules/cjs/loader:1554:14)
    at Object..js (node:internal/modules/cjs/loader:1706:10)
    at Module.load (node:internal/modules/cjs/loader:1289:32)
    at Function._load (node:internal/modules/cjs/loader:1108:12)
    at TracingChannel.traceSync (node:diagnostics_channel:322:14)
    at wrapModuleLoad (node:internal/modules/cjs/loader:220:24)
    at Function.executeUserEntryPoint [as runMain] (node:internal/modules/run_main:170:5)
    at node:internal/main/run_main_module:36:49

Node.js v22.14.0

aminv@viper MINGW64 ~/OneDrive/Desktop/New folder/buffer (main)
$  node index.js
C:\Users\aminv\OneDrive\Desktop\New folder\buffer\index.js:13
 Buffer.write("Node")
        ^

TypeError: Buffer.write is not a function
    at Object.<anonymous> (C:\Users\aminv\OneDrive\Desktop\New folder\buffer\index.js:13:9)
    at Module._compile (node:internal/modules/cjs/loader:1554:14)
    at Object..js (node:internal/modules/cjs/loader:1706:10)
    at Module.load (node:internal/modules/cjs/loader:1289:32)
    at Function._load (node:internal/modules/cjs/loader:1108:12)
    at TracingChannel.traceSync (node:diagnostics_channel:322:14)
    at wrapModuleLoad (node:internal/modules/cjs/loader:220:24)
    at Function.executeUserEntryPoint [as runMain] (node:internal/modules/run_main:170:5)
    at node:internal/main/run_main_module:36:49

Node.js v22.14.0

aminv@viper MINGW64 ~/OneDrive/Desktop/New folder/buffer (main)
$  node index.js
<Buffer 4e 6f 64 65>
78
78
78
4e
Node

aminv@viper MINGW64 ~/OneDrive/Desktop/New folder/buffer (main)
$ ^C

aminv@viper MINGW64 ~/OneDrive/Desktop/New folder/buffer (main)
$  git status
On branch main
Your branch is up to date with 'origin/main'.

Untracked files:
  (use "git add <file>..." to include in what will be committed)
        ./

nothing added to commit but untracked files present (use "git add" to track)

aminv@viper MINGW64 ~/OneDrive/Desktop/New folder/buffer (main)
$   git add -A
warning: in the working copy of 'buffer/package.json', LF will be replaced by CRLF the next time Git touches it

aminv@viper MINGW64 ~/OneDrive/Desktop/New folder/buffer (main)
$   git add -A

aminv@viper MINGW64 ~/OneDrive/Desktop/New folder/buffer (main)
$ cd ..

aminv@viper MINGW64 ~/OneDrive/Desktop/New folder (main)
$  git status
On branch main
Your branch is up to date with 'origin/main'.

Changes to be committed:
  (use "git restore --staged <file>..." to unstage)
        new file:   buffer/index.js
        new file:   buffer/package.json


aminv@viper MINGW64 ~/OneDrive/Desktop/New folder (main)
$   cd buffer

aminv@viper MINGW64 ~/OneDrive/Desktop/New folder/buffer (main)
$  git commit -m" buffer data type sec:128"
[main 34e99ce]  buffer data type sec:128
 2 files changed, 36 insertions(+)
 create mode 100644 buffer/index.js
 create mode 100644 buffer/package.json

aminv@viper MINGW64 ~/OneDrive/Desktop/New folder/buffer (main)
$  git push
Enumerating objects: 6, done.
Counting objects: 100% (6/6), done.
Delta compression using up to 4 threads
Compressing objects: 100% (5/5), done.
Writing objects: 100% (5/5), 709 bytes | 709.00 KiB/s, done.
Total 5 (delta 1), reused 0 (delta 0), pack-reused 0 (from 0)
remote: Resolving deltas: 100% (1/1), completed with 1 local object.
To https://github.com/aminvv/nodejs.git
   10069b5..34e99ce  main -> main

aminv@viper MINGW64 ~/OneDrive/Desktop/New folder/buffer (main)
$  node index.js
[Function: toJSON]
object

aminv@viper MINGW64 ~/OneDrive/Desktop/New folder/buffer (main)
$  node index.js
{ type: 'Buffer', data: [ 78, 111, 100, 101, 74, 83 ] }
object

aminv@viper MINGW64 ~/OneDrive/Desktop/New folder/buffer (main)
$  node index.js
C:\Users\aminv\OneDrive\Desktop\New folder\buffer\index.js:26
const buff=Buffer.from("NodeJS")
      ^

SyntaxError: Identifier 'buff' has already been declared
    at wrapSafe (node:internal/modules/cjs/loader:1486:18)
    at Module._compile (node:internal/modules/cjs/loader:1528:20)
    at Object..js (node:internal/modules/cjs/loader:1706:10)
    at Module.load (node:internal/modules/cjs/loader:1289:32)
    at Function._load (node:internal/modules/cjs/loader:1108:12)
    at TracingChannel.traceSync (node:diagnostics_channel:322:14)
    at wrapModuleLoad (node:internal/modules/cjs/loader:220:24)
    at Function.executeUserEntryPoint [as runMain] (node:internal/modules/run_main:170:5)
    at node:internal/main/run_main_module:36:49

Node.js v22.14.0

aminv@viper MINGW64 ~/OneDrive/Desktop/New folder/buffer (main)
$  node index.js
<Buffer 4e 6e 64 65>
78
78
78
4e
Nnde
{ type: 'Buffer', data: [ 78, 111, 100, 101, 74, 83 ] }
object

aminv@viper MINGW64 ~/OneDrive/Desktop/New folder/buffer (main)
$  node index.js
{ type: 'Buffer', data: [ 78, 111, 100, 101, 74, 83 ] }
object
NodeJS

aminv@viper MINGW64 ~/OneDrive/Desktop/New folder/buffer (main)
$  node index.js
{ type: 'Buffer', data: [ 78, 111, 100, 101, 74, 83 ] }
object
buff2 NodeJS

aminv@viper MINGW64 ~/OneDrive/Desktop/New folder/buffer (main)
$  node index.js
{ type: 'Buffer', data: [ 78, 111, 100, 101, 74, 83 ] }
object
NodeJS

aminv@viper MINGW64 ~/OneDrive/Desktop/New folder/buffer (main)
$ ^C

aminv@viper MINGW64 ~/OneDrive/Desktop/New folder/buffer (main)
$  git status
On branch main
Your branch is up to date with 'origin/main'.

Changes not staged for commit:
  (use "git add <file>..." to update what will be committed)
  (use "git restore <file>..." to discard changes in working directory)
        modified:   index.js

no changes added to commit (use "git add" and/or "git commit -a")

aminv@viper MINGW64 ~/OneDrive/Desktop/New folder/buffer (main)
$  git add -A

aminv@viper MINGW64 ~/OneDrive/Desktop/New folder/buffer (main)
$ git commit -m" buffer dataType part2 sec:129"
[main 05ad52a]  buffer dataType part2 sec:129loream
aminv@viper MINGW64 ~/OneDrive/Desktop/New folder (main)
$  node index.js
node:internal/modules/cjs/loader:1228
  throw err;
  ^

Error: Cannot find module 'C:\Users\aminv\OneDrive\Desktop\New folder\index.js'
    at Function._resolveFilename (node:internal/modules/cjs/loader:1225:15)
    at Function._load (node:internal/modules/cjs/loader:1055:27)
    at TracingChannel.traceSync (node:diagnostics_channel:322:14)
    at wrapModuleLoad (node:internal/modules/cjs/loader:220:24)
    at Function.executeUserEntryPoint [as runMain] (node:internal/modules/run_main:170:5)
    at node:internal/main/run_main_module:36:49 {
  code: 'MODULE_NOT_FOUND',
  requireStack: []
}

Node.js v22.14.0

aminv@viper MINGW64 ~/OneDrive/Desktop/New folder (main)
$ cd buffer

aminv@viper MINGW64 ~/OneDrive/Desktop/New folder/buffer (main)
$  node index.js
<Buffer 4e 6f 64 65 4a 53>
78
[Function: codePointAt]
(node:6796) [DEP0005] DeprecationWarning: Buffer() is deprecated due to security and usability issues. Please use the Buffer.alloc(), Buffer.allocUnsafe(), or Buffer.from() methods instead.
(Use `node --trace-deprecation ...` to show where the warning was created)

aminv@viper MINGW64 ~/OneDrive/Desktop/New folder/buffer (main)
$  node index.js
<Buffer 4e 6f 64 65 4a 53>
78
78
(node:2628) [DEP0005] DeprecationWarning: Buffer() is deprecated due to security and usability issues. Please use the Buffer.alloc(), Buffer.allocUnsafe(), or Buffer.from() methods instead.
(Use `node --trace-deprecation ...` to show where the warning was created)

aminv@viper MINGW64 ~/OneDrive/Desktop/New folder/buffer (main)
$  node index.js
<Buffer 4e 6f 64 65 4a 53>
78
110
(node:10164) [DEP0005] DeprecationWarning: Buffer() is deprecated due to security and usability issues. Please use the Buffer.alloc(), Buffer.allocUnsafe(), or Buffer.from() methods instead.
(Use `node --trace-deprecation ...` to show where the warning was created)

aminv@viper MINGW64 ~/OneDrive/Desktop/New folder/buffer (main)
$  node index.js
<Buffer 4e 6f 64 65 4a 53>
78
78

aminv@viper MINGW64 ~/OneDrive/Desktop/New folder/buffer (main)
$  node index.js
<Buffer 4e 6f 64 65 4a 53>
78
78
65

aminv@viper MINGW64 ~/OneDrive/Desktop/New folder/buffer (main)
$  node index.js
<Buffer 4e 6f 64 65 4a 53>
78
[Function: codePointAt]
78

aminv@viper MINGW64 ~/OneDrive/Desktop/New folder/buffer (main)
$  node index.js
<Buffer 4e 6f 64 65 4a 53>
78
78
78
4e

aminv@viper MINGW64 ~/OneDrive/Desktop/New folder/buffer (main)
$  node index.js
<Buffer 4e 6f 64 65 4a 53>
78
78
78
4e
node:buffer:862
    throw new ERR_UNKNOWN_ENCODING(encoding);
    ^

TypeError [ERR_UNKNOWN_ENCODING]: Unknown encoding: 16
    at Buffer.toString (node:buffer:862:11)
    at Object.<anonymous> (C:\Users\aminv\OneDrive\Desktop\New folder\buffer\index.js:7:19)
    at Module._compile (node:internal/modules/cjs/loader:1554:14)
    at Object..js (node:internal/modules/cjs/loader:1706:10)
    at Module.load (node:internal/modules/cjs/loader:1289:32)
    at Function._load (node:internal/modules/cjs/loader:1108:12)
    at TracingChannel.traceSync (node:diagnostics_channel:322:14)
    at wrapModuleLoad (node:internal/modules/cjs/loader:220:24)
    at Function.executeUserEntryPoint [as runMain] (node:internal/modules/run_main:170:5)
    at node:internal/main/run_main_module:36:49 {
  code: 'ERR_UNKNOWN_ENCODING'
}

Node.js v22.14.0

aminv@viper MINGW64 ~/OneDrive/Desktop/New folder/buffer (main)
$  node index.js
<Buffer 4e 6f 64 65 4a 53>
78
78
78
4e
NodeJS

aminv@viper MINGW64 ~/OneDrive/Desktop/New folder/buffer (main)
$  node index.js
<Buffer 00 00 00 00>
0
78
78
4e


aminv@viper MINGW64 ~/OneDrive/Desktop/New folder/buffer (main)
$  node index.js
<Buffer 00 00 00 00>
0
78
78
4e


aminv@viper MINGW64 ~/OneDrive/Desktop/New folder/buffer (main)
$  node index.js
C:\Users\aminv\OneDrive\Desktop\New folder\buffer\index.js:13
 Buffer.write("Node")
        ^

TypeError: Buffer.write is not a function
    at Object.<anonymous> (C:\Users\aminv\OneDrive\Desktop\New folder\buffer\index.js:13:9)
    at Module._compile (node:internal/modules/cjs/loader:1554:14)
    at Object..js (node:internal/modules/cjs/loader:1706:10)
    at Module.load (node:internal/modules/cjs/loader:1289:32)
    at Function._load (node:internal/modules/cjs/loader:1108:12)
    at TracingChannel.traceSync (node:diagnostics_channel:322:14)
    at wrapModuleLoad (node:internal/modules/cjs/loader:220:24)
    at Function.executeUserEntryPoint [as runMain] (node:internal/modules/run_main:170:5)
    at node:internal/main/run_main_module:36:49

Node.js v22.14.0

aminv@viper MINGW64 ~/OneDrive/Desktop/New folder/buffer (main)
$  node index.js
C:\Users\aminv\OneDrive\Desktop\New folder\buffer\index.js:13
 Buffer.write("Node")
        ^

TypeError: Buffer.write is not a function
    at Object.<anonymous> (C:\Users\aminv\OneDrive\Desktop\New folder\buffer\index.js:13:9)
    at Module._compile (node:internal/modules/cjs/loader:1554:14)
    at Object..js (node:internal/modules/cjs/loader:1706:10)
    at Module.load (node:internal/modules/cjs/loader:1289:32)
    at Function._load (node:internal/modules/cjs/loader:1108:12)
    at TracingChannel.traceSync (node:diagnostics_channel:322:14)
    at wrapModuleLoad (node:internal/modules/cjs/loader:220:24)
    at Function.executeUserEntryPoint [as runMain] (node:internal/modules/run_main:170:5)
    at node:internal/main/run_main_module:36:49

Node.js v22.14.0

aminv@viper MINGW64 ~/OneDrive/Desktop/New folder/buffer (main)
$  node index.js
<Buffer 4e 6f 64 65>
78
78
78
4e
Node

aminv@viper MINGW64 ~/OneDrive/Desktop/New folder/buffer (main)
$ ^C

aminv@viper MINGW64 ~/OneDrive/Desktop/New folder/buffer (main)
$  git status
On branch main
Your branch is up to date with 'origin/main'.

Untracked files:
  (use "git add <file>..." to include in what will be committed)
        ./

nothing added to commit but untracked files present (use "git add" to track)

aminv@viper MINGW64 ~/OneDrive/Desktop/New folder/buffer (main)
$   git add -A
warning: in the working copy of 'buffer/package.json', LF will be replaced by CRLF the next time Git touches it

aminv@viper MINGW64 ~/OneDrive/Desktop/New folder/buffer (main)
$   git add -A

aminv@viper MINGW64 ~/OneDrive/Desktop/New folder/buffer (main)
$ cd ..

aminv@viper MINGW64 ~/OneDrive/Desktop/New folder (main)
$  git status
On branch main
Your branch is up to date with 'origin/main'.

Changes to be committed:
  (use "git restore --staged <file>..." to unstage)
        new file:   buffer/index.js
        new file:   buffer/package.json


aminv@viper MINGW64 ~/OneDrive/Desktop/New folder (main)
$   cd buffer

aminv@viper MINGW64 ~/OneDrive/Desktop/New folder/buffer (main)
$  git commit -m" buffer data type sec:128"
[main 34e99ce]  buffer data type sec:128
 2 files changed, 36 insertions(+)
 create mode 100644 buffer/index.js
 create mode 100644 buffer/package.json

aminv@viper MINGW64 ~/OneDrive/Desktop/New folder/buffer (main)
$  git push
Enumerating objects: 6, done.
Counting objects: 100% (6/6), done.
Delta compression using up to 4 threads
Compressing objects: 100% (5/5), done.
Writing objects: 100% (5/5), 709 bytes | 709.00 KiB/s, done.
Total 5 (delta 1), reused 0 (delta 0), pack-reused 0 (from 0)
remote: Resolving deltas: 100% (1/1), completed with 1 local object.
To https://github.com/aminvv/nodejs.git
   10069b5..34e99ce  main -> main

aminv@viper MINGW64 ~/OneDrive/Desktop/New folder/buffer (main)
$  node index.js
[Function: toJSON]
object

aminv@viper MINGW64 ~/OneDrive/Desktop/New folder/buffer (main)
$  node index.js
{ type: 'Buffer', data: [ 78, 111, 100, 101, 74, 83 ] }
object

aminv@viper MINGW64 ~/OneDrive/Desktop/New folder/buffer (main)
$  node index.js
C:\Users\aminv\OneDrive\Desktop\New folder\buffer\index.js:26
const buff=Buffer.from("NodeJS")
      ^

SyntaxError: Identifier 'buff' has already been declared
    at wrapSafe (node:internal/modules/cjs/loader:1486:18)
    at Module._compile (node:internal/modules/cjs/loader:1528:20)
    at Object..js (node:internal/modules/cjs/loader:1706:10)
    at Module.load (node:internal/modules/cjs/loader:1289:32)
    at Function._load (node:internal/modules/cjs/loader:1108:12)
    at TracingChannel.traceSync (node:diagnostics_channel:322:14)
    at wrapModuleLoad (node:internal/modules/cjs/loader:220:24)
    at Function.executeUserEntryPoint [as runMain] (node:internal/modules/run_main:170:5)
    at node:internal/main/run_main_module:36:49

Node.js v22.14.0

aminv@viper MINGW64 ~/OneDrive/Desktop/New folder/buffer (main)
$  node index.js
<Buffer 4e 6e 64 65>
78
78
78
4e
Nnde
{ type: 'Buffer', data: [ 78, 111, 100, 101, 74, 83 ] }
object

aminv@viper MINGW64 ~/OneDrive/Desktop/New folder/buffer (main)
$  node index.js
{ type: 'Buffer', data: [ 78, 111, 100, 101, 74, 83 ] }
object
NodeJS

aminv@viper MINGW64 ~/OneDrive/Desktop/New folder/buffer (main)
$  node index.js
{ type: 'Buffer', data: [ 78, 111, 100, 101, 74, 83 ] }
object
buff2 NodeJS

aminv@viper MINGW64 ~/OneDrive/Desktop/New folder/buffer (main)
$  node index.js
{ type: 'Buffer', data: [ 78, 111, 100, 101, 74, 83 ] }
object
NodeJS

aminv@viper MINGW64 ~/OneDrive/Desktop/New folder/buffer (main)
$ ^C

aminv@viper MINGW64 ~/OneDrive/Desktop/New folder/buffer (main)
$  git status
On branch main
Your branch is up to date with 'origin/main'.

Changes not staged for commit:
  (use "git add <file>..." to update what will be committed)
  (use "git restore <file>..." to discard changes in working directory)
        modified:   index.js

no changes added to commit (use "git add" and/or "git commit -a")

aminv@viper MINGW64 ~/OneDrive/Desktop/New folder/buffer (main)
$  git add -A

aminv@viper MINGW64 ~/OneDrive/Desktop/New folder/buffer (main)
$ git commit -m" buffer dataType part2 sec:129"
[main 05ad52a]  buffer dataType part2 sec:129loream
aminv@viper MINGW64 ~/OneDrive/Desktop/New folder (main)
$  node index.js
node:internal/modules/cjs/loader:1228
  throw err;
  ^

Error: Cannot find module 'C:\Users\aminv\OneDrive\Desktop\New folder\index.js'
    at Function._resolveFilename (node:internal/modules/cjs/loader:1225:15)
    at Function._load (node:internal/modules/cjs/loader:1055:27)
    at TracingChannel.traceSync (node:diagnostics_channel:322:14)
    at wrapModuleLoad (node:internal/modules/cjs/loader:220:24)
    at Function.executeUserEntryPoint [as runMain] (node:internal/modules/run_main:170:5)
    at node:internal/main/run_main_module:36:49 {
  code: 'MODULE_NOT_FOUND',
  requireStack: []
}

Node.js v22.14.0

aminv@viper MINGW64 ~/OneDrive/Desktop/New folder (main)
$ cd buffer

aminv@viper MINGW64 ~/OneDrive/Desktop/New folder/buffer (main)
$  node index.js
<Buffer 4e 6f 64 65 4a 53>
78
[Function: codePointAt]
(node:6796) [DEP0005] DeprecationWarning: Buffer() is deprecated due to security and usability issues. Please use the Buffer.alloc(), Buffer.allocUnsafe(), or Buffer.from() methods instead.
(Use `node --trace-deprecation ...` to show where the warning was created)

aminv@viper MINGW64 ~/OneDrive/Desktop/New folder/buffer (main)
$  node index.js
<Buffer 4e 6f 64 65 4a 53>
78
78
(node:2628) [DEP0005] DeprecationWarning: Buffer() is deprecated due to security and usability issues. Please use the Buffer.alloc(), Buffer.allocUnsafe(), or Buffer.from() methods instead.
(Use `node --trace-deprecation ...` to show where the warning was created)

aminv@viper MINGW64 ~/OneDrive/Desktop/New folder/buffer (main)
$  node index.js
<Buffer 4e 6f 64 65 4a 53>
78
110
(node:10164) [DEP0005] DeprecationWarning: Buffer() is deprecated due to security and usability issues. Please use the Buffer.alloc(), Buffer.allocUnsafe(), or Buffer.from() methods instead.
(Use `node --trace-deprecation ...` to show where the warning was created)

aminv@viper MINGW64 ~/OneDrive/Desktop/New folder/buffer (main)
$  node index.js
<Buffer 4e 6f 64 65 4a 53>
78
78

aminv@viper MINGW64 ~/OneDrive/Desktop/New folder/buffer (main)
$  node index.js
<Buffer 4e 6f 64 65 4a 53>
78
78
65

aminv@viper MINGW64 ~/OneDrive/Desktop/New folder/buffer (main)
$  node index.js
<Buffer 4e 6f 64 65 4a 53>
78
[Function: codePointAt]
78

aminv@viper MINGW64 ~/OneDrive/Desktop/New folder/buffer (main)
$  node index.js
<Buffer 4e 6f 64 65 4a 53>
78
78
78
4e

aminv@viper MINGW64 ~/OneDrive/Desktop/New folder/buffer (main)
$  node index.js
<Buffer 4e 6f 64 65 4a 53>
78
78
78
4e
node:buffer:862
    throw new ERR_UNKNOWN_ENCODING(encoding);
    ^

TypeError [ERR_UNKNOWN_ENCODING]: Unknown encoding: 16
    at Buffer.toString (node:buffer:862:11)
    at Object.<anonymous> (C:\Users\aminv\OneDrive\Desktop\New folder\buffer\index.js:7:19)
    at Module._compile (node:internal/modules/cjs/loader:1554:14)
    at Object..js (node:internal/modules/cjs/loader:1706:10)
    at Module.load (node:internal/modules/cjs/loader:1289:32)
    at Function._load (node:internal/modules/cjs/loader:1108:12)
    at TracingChannel.traceSync (node:diagnostics_channel:322:14)
    at wrapModuleLoad (node:internal/modules/cjs/loader:220:24)
    at Function.executeUserEntryPoint [as runMain] (node:internal/modules/run_main:170:5)
    at node:internal/main/run_main_module:36:49 {
  code: 'ERR_UNKNOWN_ENCODING'
}

Node.js v22.14.0

aminv@viper MINGW64 ~/OneDrive/Desktop/New folder/buffer (main)
$  node index.js
<Buffer 4e 6f 64 65 4a 53>
78
78
78
4e
NodeJS

aminv@viper MINGW64 ~/OneDrive/Desktop/New folder/buffer (main)
$  node index.js
<Buffer 00 00 00 00>
0
78
78
4e


aminv@viper MINGW64 ~/OneDrive/Desktop/New folder/buffer (main)
$  node index.js
<Buffer 00 00 00 00>
0
78
78
4e


aminv@viper MINGW64 ~/OneDrive/Desktop/New folder/buffer (main)
$  node index.js
C:\Users\aminv\OneDrive\Desktop\New folder\buffer\index.js:13
 Buffer.write("Node")
        ^

TypeError: Buffer.write is not a function
    at Object.<anonymous> (C:\Users\aminv\OneDrive\Desktop\New folder\buffer\index.js:13:9)
    at Module._compile (node:internal/modules/cjs/loader:1554:14)
    at Object..js (node:internal/modules/cjs/loader:1706:10)
    at Module.load (node:internal/modules/cjs/loader:1289:32)
    at Function._load (node:internal/modules/cjs/loader:1108:12)
    at TracingChannel.traceSync (node:diagnostics_channel:322:14)
    at wrapModuleLoad (node:internal/modules/cjs/loader:220:24)
    at Function.executeUserEntryPoint [as runMain] (node:internal/modules/run_main:170:5)
    at node:internal/main/run_main_module:36:49

Node.js v22.14.0

aminv@viper MINGW64 ~/OneDrive/Desktop/New folder/buffer (main)
$  node index.js
C:\Users\aminv\OneDrive\Desktop\New folder\buffer\index.js:13
 Buffer.write("Node")
        ^

TypeError: Buffer.write is not a function
    at Object.<anonymous> (C:\Users\aminv\OneDrive\Desktop\New folder\buffer\index.js:13:9)
    at Module._compile (node:internal/modules/cjs/loader:1554:14)
    at Object..js (node:internal/modules/cjs/loader:1706:10)
    at Module.load (node:internal/modules/cjs/loader:1289:32)
    at Function._load (node:internal/modules/cjs/loader:1108:12)
    at TracingChannel.traceSync (node:diagnostics_channel:322:14)
    at wrapModuleLoad (node:internal/modules/cjs/loader:220:24)
    at Function.executeUserEntryPoint [as runMain] (node:internal/modules/run_main:170:5)
    at node:internal/main/run_main_module:36:49

Node.js v22.14.0

aminv@viper MINGW64 ~/OneDrive/Desktop/New folder/buffer (main)
$  node index.js
<Buffer 4e 6f 64 65>
78
78
78
4e
Node

aminv@viper MINGW64 ~/OneDrive/Desktop/New folder/buffer (main)
$ ^C

aminv@viper MINGW64 ~/OneDrive/Desktop/New folder/buffer (main)
$  git status
On branch main
Your branch is up to date with 'origin/main'.

Untracked files:
  (use "git add <file>..." to include in what will be committed)
        ./

nothing added to commit but untracked files present (use "git add" to track)

aminv@viper MINGW64 ~/OneDrive/Desktop/New folder/buffer (main)
$   git add -A
warning: in the working copy of 'buffer/package.json', LF will be replaced by CRLF the next time Git touches it

aminv@viper MINGW64 ~/OneDrive/Desktop/New folder/buffer (main)
$   git add -A

aminv@viper MINGW64 ~/OneDrive/Desktop/New folder/buffer (main)
$ cd ..

aminv@viper MINGW64 ~/OneDrive/Desktop/New folder (main)
$  git status
On branch main
Your branch is up to date with 'origin/main'.

Changes to be committed:
  (use "git restore --staged <file>..." to unstage)
        new file:   buffer/index.js
        new file:   buffer/package.json


aminv@viper MINGW64 ~/OneDrive/Desktop/New folder (main)
$   cd buffer

aminv@viper MINGW64 ~/OneDrive/Desktop/New folder/buffer (main)
$  git commit -m" buffer data type sec:128"
[main 34e99ce]  buffer data type sec:128
 2 files changed, 36 insertions(+)
 create mode 100644 buffer/index.js
 create mode 100644 buffer/package.json

aminv@viper MINGW64 ~/OneDrive/Desktop/New folder/buffer (main)
$  git push
Enumerating objects: 6, done.
Counting objects: 100% (6/6), done.
Delta compression using up to 4 threads
Compressing objects: 100% (5/5), done.
Writing objects: 100% (5/5), 709 bytes | 709.00 KiB/s, done.
Total 5 (delta 1), reused 0 (delta 0), pack-reused 0 (from 0)
remote: Resolving deltas: 100% (1/1), completed with 1 local object.
To https://github.com/aminvv/nodejs.git
   10069b5..34e99ce  main -> main

aminv@viper MINGW64 ~/OneDrive/Desktop/New folder/buffer (main)
$  node index.js
[Function: toJSON]
object

aminv@viper MINGW64 ~/OneDrive/Desktop/New folder/buffer (main)
$  node index.js
{ type: 'Buffer', data: [ 78, 111, 100, 101, 74, 83 ] }
object

aminv@viper MINGW64 ~/OneDrive/Desktop/New folder/buffer (main)
$  node index.js
C:\Users\aminv\OneDrive\Desktop\New folder\buffer\index.js:26
const buff=Buffer.from("NodeJS")
      ^

SyntaxError: Identifier 'buff' has already been declared
    at wrapSafe (node:internal/modules/cjs/loader:1486:18)
    at Module._compile (node:internal/modules/cjs/loader:1528:20)
    at Object..js (node:internal/modules/cjs/loader:1706:10)
    at Module.load (node:internal/modules/cjs/loader:1289:32)
    at Function._load (node:internal/modules/cjs/loader:1108:12)
    at TracingChannel.traceSync (node:diagnostics_channel:322:14)
    at wrapModuleLoad (node:internal/modules/cjs/loader:220:24)
    at Function.executeUserEntryPoint [as runMain] (node:internal/modules/run_main:170:5)
    at node:internal/main/run_main_module:36:49

Node.js v22.14.0

aminv@viper MINGW64 ~/OneDrive/Desktop/New folder/buffer (main)
$  node index.js
<Buffer 4e 6e 64 65>
78
78
78
4e
Nnde
{ type: 'Buffer', data: [ 78, 111, 100, 101, 74, 83 ] }
object

aminv@viper MINGW64 ~/OneDrive/Desktop/New folder/buffer (main)
$  node index.js
{ type: 'Buffer', data: [ 78, 111, 100, 101, 74, 83 ] }
object
NodeJS

aminv@viper MINGW64 ~/OneDrive/Desktop/New folder/buffer (main)
$  node index.js
{ type: 'Buffer', data: [ 78, 111, 100, 101, 74, 83 ] }
object
buff2 NodeJS

aminv@viper MINGW64 ~/OneDrive/Desktop/New folder/buffer (main)
$  node index.js
{ type: 'Buffer', data: [ 78, 111, 100, 101, 74, 83 ] }
object
NodeJS

aminv@viper MINGW64 ~/OneDrive/Desktop/New folder/buffer (main)
$ ^C

aminv@viper MINGW64 ~/OneDrive/Desktop/New folder/buffer (main)
$  git status
On branch main
Your branch is up to date with 'origin/main'.

Changes not staged for commit:
  (use "git add <file>..." to update what will be committed)
  (use "git restore <file>..." to discard changes in working directory)
        modified:   index.js

no changes added to commit (use "git add" and/or "git commit -a")

aminv@viper MINGW64 ~/OneDrive/Desktop/New folder/buffer (main)
$  git add -A

aminv@viper MINGW64 ~/OneDrive/Desktop/New folder/buffer (main)
$ git commit -m" buffer dataType part2 sec:129"
[main 05ad52a]  buffer dataType part2 sec:129loream
aminv@viper MINGW64 ~/OneDrive/Desktop/New folder (main)
$  node index.js
node:internal/modules/cjs/loader:1228
  throw err;
  ^

Error: Cannot find module 'C:\Users\aminv\OneDrive\Desktop\New folder\index.js'
    at Function._resolveFilename (node:internal/modules/cjs/loader:1225:15)
    at Function._load (node:internal/modules/cjs/loader:1055:27)
    at TracingChannel.traceSync (node:diagnostics_channel:322:14)
    at wrapModuleLoad (node:internal/modules/cjs/loader:220:24)
    at Function.executeUserEntryPoint [as runMain] (node:internal/modules/run_main:170:5)
    at node:internal/main/run_main_module:36:49 {
  code: 'MODULE_NOT_FOUND',
  requireStack: []
}

Node.js v22.14.0

aminv@viper MINGW64 ~/OneDrive/Desktop/New folder (main)
$ cd buffer

aminv@viper MINGW64 ~/OneDrive/Desktop/New folder/buffer (main)
$  node index.js
<Buffer 4e 6f 64 65 4a 53>
78
[Function: codePointAt]
(node:6796) [DEP0005] DeprecationWarning: Buffer() is deprecated due to security and usability issues. Please use the Buffer.alloc(), Buffer.allocUnsafe(), or Buffer.from() methods instead.
(Use `node --trace-deprecation ...` to show where the warning was created)

aminv@viper MINGW64 ~/OneDrive/Desktop/New folder/buffer (main)
$  node index.js
<Buffer 4e 6f 64 65 4a 53>
78
78
(node:2628) [DEP0005] DeprecationWarning: Buffer() is deprecated due to security and usability issues. Please use the Buffer.alloc(), Buffer.allocUnsafe(), or Buffer.from() methods instead.
(Use `node --trace-deprecation ...` to show where the warning was created)

aminv@viper MINGW64 ~/OneDrive/Desktop/New folder/buffer (main)
$  node index.js
<Buffer 4e 6f 64 65 4a 53>
78
110
(node:10164) [DEP0005] DeprecationWarning: Buffer() is deprecated due to security and usability issues. Please use the Buffer.alloc(), Buffer.allocUnsafe(), or Buffer.from() methods instead.
(Use `node --trace-deprecation ...` to show where the warning was created)

aminv@viper MINGW64 ~/OneDrive/Desktop/New folder/buffer (main)
$  node index.js
<Buffer 4e 6f 64 65 4a 53>
78
78

aminv@viper MINGW64 ~/OneDrive/Desktop/New folder/buffer (main)
$  node index.js
<Buffer 4e 6f 64 65 4a 53>
78
78
65

aminv@viper MINGW64 ~/OneDrive/Desktop/New folder/buffer (main)
$  node index.js
<Buffer 4e 6f 64 65 4a 53>
78
[Function: codePointAt]
78

aminv@viper MINGW64 ~/OneDrive/Desktop/New folder/buffer (main)
$  node index.js
<Buffer 4e 6f 64 65 4a 53>
78
78
78
4e

aminv@viper MINGW64 ~/OneDrive/Desktop/New folder/buffer (main)
$  node index.js
<Buffer 4e 6f 64 65 4a 53>
78
78
78
4e
node:buffer:862
    throw new ERR_UNKNOWN_ENCODING(encoding);
    ^

TypeError [ERR_UNKNOWN_ENCODING]: Unknown encoding: 16
    at Buffer.toString (node:buffer:862:11)
    at Object.<anonymous> (C:\Users\aminv\OneDrive\Desktop\New folder\buffer\index.js:7:19)
    at Module._compile (node:internal/modules/cjs/loader:1554:14)
    at Object..js (node:internal/modules/cjs/loader:1706:10)
    at Module.load (node:internal/modules/cjs/loader:1289:32)
    at Function._load (node:internal/modules/cjs/loader:1108:12)
    at TracingChannel.traceSync (node:diagnostics_channel:322:14)
    at wrapModuleLoad (node:internal/modules/cjs/loader:220:24)
    at Function.executeUserEntryPoint [as runMain] (node:internal/modules/run_main:170:5)
    at node:internal/main/run_main_module:36:49 {
  code: 'ERR_UNKNOWN_ENCODING'
}

Node.js v22.14.0

aminv@viper MINGW64 ~/OneDrive/Desktop/New folder/buffer (main)
$  node index.js
<Buffer 4e 6f 64 65 4a 53>
78
78
78
4e
NodeJS

aminv@viper MINGW64 ~/OneDrive/Desktop/New folder/buffer (main)
$  node index.js
<Buffer 00 00 00 00>
0
78
78
4e


aminv@viper MINGW64 ~/OneDrive/Desktop/New folder/buffer (main)
$  node index.js
<Buffer 00 00 00 00>
0
78
78
4e


aminv@viper MINGW64 ~/OneDrive/Desktop/New folder/buffer (main)
$  node index.js
C:\Users\aminv\OneDrive\Desktop\New folder\buffer\index.js:13
 Buffer.write("Node")
        ^

TypeError: Buffer.write is not a function
    at Object.<anonymous> (C:\Users\aminv\OneDrive\Desktop\New folder\buffer\index.js:13:9)
    at Module._compile (node:internal/modules/cjs/loader:1554:14)
    at Object..js (node:internal/modules/cjs/loader:1706:10)
    at Module.load (node:internal/modules/cjs/loader:1289:32)
    at Function._load (node:internal/modules/cjs/loader:1108:12)
    at TracingChannel.traceSync (node:diagnostics_channel:322:14)
    at wrapModuleLoad (node:internal/modules/cjs/loader:220:24)
    at Function.executeUserEntryPoint [as runMain] (node:internal/modules/run_main:170:5)
    at node:internal/main/run_main_module:36:49

Node.js v22.14.0

aminv@viper MINGW64 ~/OneDrive/Desktop/New folder/buffer (main)
$  node index.js
C:\Users\aminv\OneDrive\Desktop\New folder\buffer\index.js:13
 Buffer.write("Node")
        ^

TypeError: Buffer.write is not a function
    at Object.<anonymous> (C:\Users\aminv\OneDrive\Desktop\New folder\buffer\index.js:13:9)
    at Module._compile (node:internal/modules/cjs/loader:1554:14)
    at Object..js (node:internal/modules/cjs/loader:1706:10)
    at Module.load (node:internal/modules/cjs/loader:1289:32)
    at Function._load (node:internal/modules/cjs/loader:1108:12)
    at TracingChannel.traceSync (node:diagnostics_channel:322:14)
    at wrapModuleLoad (node:internal/modules/cjs/loader:220:24)
    at Function.executeUserEntryPoint [as runMain] (node:internal/modules/run_main:170:5)
    at node:internal/main/run_main_module:36:49

Node.js v22.14.0

aminv@viper MINGW64 ~/OneDrive/Desktop/New folder/buffer (main)
$  node index.js
<Buffer 4e 6f 64 65>
78
78
78
4e
Node

aminv@viper MINGW64 ~/OneDrive/Desktop/New folder/buffer (main)
$ ^C

aminv@viper MINGW64 ~/OneDrive/Desktop/New folder/buffer (main)
$  git status
On branch main
Your branch is up to date with 'origin/main'.

Untracked files:
  (use "git add <file>..." to include in what will be committed)
        ./

nothing added to commit but untracked files present (use "git add" to track)

aminv@viper MINGW64 ~/OneDrive/Desktop/New folder/buffer (main)
$   git add -A
warning: in the working copy of 'buffer/package.json', LF will be replaced by CRLF the next time Git touches it

aminv@viper MINGW64 ~/OneDrive/Desktop/New folder/buffer (main)
$   git add -A

aminv@viper MINGW64 ~/OneDrive/Desktop/New folder/buffer (main)
$ cd ..

aminv@viper MINGW64 ~/OneDrive/Desktop/New folder (main)
$  git status
On branch main
Your branch is up to date with 'origin/main'.

Changes to be committed:
  (use "git restore --staged <file>..." to unstage)
        new file:   buffer/index.js
        new file:   buffer/package.json


aminv@viper MINGW64 ~/OneDrive/Desktop/New folder (main)
$   cd buffer

aminv@viper MINGW64 ~/OneDrive/Desktop/New folder/buffer (main)
$  git commit -m" buffer data type sec:128"
[main 34e99ce]  buffer data type sec:128
 2 files changed, 36 insertions(+)
 create mode 100644 buffer/index.js
 create mode 100644 buffer/package.json

aminv@viper MINGW64 ~/OneDrive/Desktop/New folder/buffer (main)
$  git push
Enumerating objects: 6, done.
Counting objects: 100% (6/6), done.
Delta compression using up to 4 threads
Compressing objects: 100% (5/5), done.
Writing objects: 100% (5/5), 709 bytes | 709.00 KiB/s, done.
Total 5 (delta 1), reused 0 (delta 0), pack-reused 0 (from 0)
remote: Resolving deltas: 100% (1/1), completed with 1 local object.
To https://github.com/aminvv/nodejs.git
   10069b5..34e99ce  main -> main

aminv@viper MINGW64 ~/OneDrive/Desktop/New folder/buffer (main)
$  node index.js
[Function: toJSON]
object

aminv@viper MINGW64 ~/OneDrive/Desktop/New folder/buffer (main)
$  node index.js
{ type: 'Buffer', data: [ 78, 111, 100, 101, 74, 83 ] }
object

aminv@viper MINGW64 ~/OneDrive/Desktop/New folder/buffer (main)
$  node index.js
C:\Users\aminv\OneDrive\Desktop\New folder\buffer\index.js:26
const buff=Buffer.from("NodeJS")
      ^

SyntaxError: Identifier 'buff' has already been declared
    at wrapSafe (node:internal/modules/cjs/loader:1486:18)
    at Module._compile (node:internal/modules/cjs/loader:1528:20)
    at Object..js (node:internal/modules/cjs/loader:1706:10)
    at Module.load (node:internal/modules/cjs/loader:1289:32)
    at Function._load (node:internal/modules/cjs/loader:1108:12)
    at TracingChannel.traceSync (node:diagnostics_channel:322:14)
    at wrapModuleLoad (node:internal/modules/cjs/loader:220:24)
    at Function.executeUserEntryPoint [as runMain] (node:internal/modules/run_main:170:5)
    at node:internal/main/run_main_module:36:49

Node.js v22.14.0

aminv@viper MINGW64 ~/OneDrive/Desktop/New folder/buffer (main)
$  node index.js
<Buffer 4e 6e 64 65>
78
78
78
4e
Nnde
{ type: 'Buffer', data: [ 78, 111, 100, 101, 74, 83 ] }
object

aminv@viper MINGW64 ~/OneDrive/Desktop/New folder/buffer (main)
$  node index.js
{ type: 'Buffer', data: [ 78, 111, 100, 101, 74, 83 ] }
object
NodeJS

aminv@viper MINGW64 ~/OneDrive/Desktop/New folder/buffer (main)
$  node index.js
{ type: 'Buffer', data: [ 78, 111, 100, 101, 74, 83 ] }
object
buff2 NodeJS

aminv@viper MINGW64 ~/OneDrive/Desktop/New folder/buffer (main)
$  node index.js
{ type: 'Buffer', data: [ 78, 111, 100, 101, 74, 83 ] }
object
NodeJS

aminv@viper MINGW64 ~/OneDrive/Desktop/New folder/buffer (main)
$ ^C

aminv@viper MINGW64 ~/OneDrive/Desktop/New folder/buffer (main)
$  git status
On branch main
Your branch is up to date with 'origin/main'.

Changes not staged for commit:
  (use "git add <file>..." to update what will be committed)
  (use "git restore <file>..." to discard changes in working directory)
        modified:   index.js

no changes added to commit (use "git add" and/or "git commit -a")

aminv@viper MINGW64 ~/OneDrive/Desktop/New folder/buffer (main)
$  git add -A

aminv@viper MINGW64 ~/OneDrive/Desktop/New folder/buffer (main)
$ git commit -m" buffer dataType part2 sec:129"
[main 05ad52a]  buffer dataType part2 sec:129loream
aminv@viper MINGW64 ~/OneDrive/Desktop/New folder (main)
$  node index.js
node:internal/modules/cjs/loader:1228
  throw err;
  ^

Error: Cannot find module 'C:\Users\aminv\OneDrive\Desktop\New folder\index.js'
    at Function._resolveFilename (node:internal/modules/cjs/loader:1225:15)
    at Function._load (node:internal/modules/cjs/loader:1055:27)
    at TracingChannel.traceSync (node:diagnostics_channel:322:14)
    at wrapModuleLoad (node:internal/modules/cjs/loader:220:24)
    at Function.executeUserEntryPoint [as runMain] (node:internal/modules/run_main:170:5)
    at node:internal/main/run_main_module:36:49 {
  code: 'MODULE_NOT_FOUND',
  requireStack: []
}

Node.js v22.14.0

aminv@viper MINGW64 ~/OneDrive/Desktop/New folder (main)
$ cd buffer

aminv@viper MINGW64 ~/OneDrive/Desktop/New folder/buffer (main)
$  node index.js
<Buffer 4e 6f 64 65 4a 53>
78
[Function: codePointAt]
(node:6796) [DEP0005] DeprecationWarning: Buffer() is deprecated due to security and usability issues. Please use the Buffer.alloc(), Buffer.allocUnsafe(), or Buffer.from() methods instead.
(Use `node --trace-deprecation ...` to show where the warning was created)

aminv@viper MINGW64 ~/OneDrive/Desktop/New folder/buffer (main)
$  node index.js
<Buffer 4e 6f 64 65 4a 53>
78
78
(node:2628) [DEP0005] DeprecationWarning: Buffer() is deprecated due to security and usability issues. Please use the Buffer.alloc(), Buffer.allocUnsafe(), or Buffer.from() methods instead.
(Use `node --trace-deprecation ...` to show where the warning was created)

aminv@viper MINGW64 ~/OneDrive/Desktop/New folder/buffer (main)
$  node index.js
<Buffer 4e 6f 64 65 4a 53>
78
110
(node:10164) [DEP0005] DeprecationWarning: Buffer() is deprecated due to security and usability issues. Please use the Buffer.alloc(), Buffer.allocUnsafe(), or Buffer.from() methods instead.
(Use `node --trace-deprecation ...` to show where the warning was created)

aminv@viper MINGW64 ~/OneDrive/Desktop/New folder/buffer (main)
$  node index.js
<Buffer 4e 6f 64 65 4a 53>
78
78

aminv@viper MINGW64 ~/OneDrive/Desktop/New folder/buffer (main)
$  node index.js
<Buffer 4e 6f 64 65 4a 53>
78
78
65

aminv@viper MINGW64 ~/OneDrive/Desktop/New folder/buffer (main)
$  node index.js
<Buffer 4e 6f 64 65 4a 53>
78
[Function: codePointAt]
78

aminv@viper MINGW64 ~/OneDrive/Desktop/New folder/buffer (main)
$  node index.js
<Buffer 4e 6f 64 65 4a 53>
78
78
78
4e

aminv@viper MINGW64 ~/OneDrive/Desktop/New folder/buffer (main)
$  node index.js
<Buffer 4e 6f 64 65 4a 53>
78
78
78
4e
node:buffer:862
    throw new ERR_UNKNOWN_ENCODING(encoding);
    ^

TypeError [ERR_UNKNOWN_ENCODING]: Unknown encoding: 16
    at Buffer.toString (node:buffer:862:11)
    at Object.<anonymous> (C:\Users\aminv\OneDrive\Desktop\New folder\buffer\index.js:7:19)
    at Module._compile (node:internal/modules/cjs/loader:1554:14)
    at Object..js (node:internal/modules/cjs/loader:1706:10)
    at Module.load (node:internal/modules/cjs/loader:1289:32)
    at Function._load (node:internal/modules/cjs/loader:1108:12)
    at TracingChannel.traceSync (node:diagnostics_channel:322:14)
    at wrapModuleLoad (node:internal/modules/cjs/loader:220:24)
    at Function.executeUserEntryPoint [as runMain] (node:internal/modules/run_main:170:5)
    at node:internal/main/run_main_module:36:49 {
  code: 'ERR_UNKNOWN_ENCODING'
}

Node.js v22.14.0

aminv@viper MINGW64 ~/OneDrive/Desktop/New folder/buffer (main)
$  node index.js
<Buffer 4e 6f 64 65 4a 53>
78
78
78
4e
NodeJS

aminv@viper MINGW64 ~/OneDrive/Desktop/New folder/buffer (main)
$  node index.js
<Buffer 00 00 00 00>
0
78
78
4e


aminv@viper MINGW64 ~/OneDrive/Desktop/New folder/buffer (main)
$  node index.js
<Buffer 00 00 00 00>
0
78
78
4e


aminv@viper MINGW64 ~/OneDrive/Desktop/New folder/buffer (main)
$  node index.js
C:\Users\aminv\OneDrive\Desktop\New folder\buffer\index.js:13
 Buffer.write("Node")
        ^

TypeError: Buffer.write is not a function
    at Object.<anonymous> (C:\Users\aminv\OneDrive\Desktop\New folder\buffer\index.js:13:9)
    at Module._compile (node:internal/modules/cjs/loader:1554:14)
    at Object..js (node:internal/modules/cjs/loader:1706:10)
    at Module.load (node:internal/modules/cjs/loader:1289:32)
    at Function._load (node:internal/modules/cjs/loader:1108:12)
    at TracingChannel.traceSync (node:diagnostics_channel:322:14)
    at wrapModuleLoad (node:internal/modules/cjs/loader:220:24)
    at Function.executeUserEntryPoint [as runMain] (node:internal/modules/run_main:170:5)
    at node:internal/main/run_main_module:36:49

Node.js v22.14.0

aminv@viper MINGW64 ~/OneDrive/Desktop/New folder/buffer (main)
$  node index.js
C:\Users\aminv\OneDrive\Desktop\New folder\buffer\index.js:13
 Buffer.write("Node")
        ^

TypeError: Buffer.write is not a function
    at Object.<anonymous> (C:\Users\aminv\OneDrive\Desktop\New folder\buffer\index.js:13:9)
    at Module._compile (node:internal/modules/cjs/loader:1554:14)
    at Object..js (node:internal/modules/cjs/loader:1706:10)
    at Module.load (node:internal/modules/cjs/loader:1289:32)
    at Function._load (node:internal/modules/cjs/loader:1108:12)
    at TracingChannel.traceSync (node:diagnostics_channel:322:14)
    at wrapModuleLoad (node:internal/modules/cjs/loader:220:24)
    at Function.executeUserEntryPoint [as runMain] (node:internal/modules/run_main:170:5)
    at node:internal/main/run_main_module:36:49

Node.js v22.14.0

aminv@viper MINGW64 ~/OneDrive/Desktop/New folder/buffer (main)
$  node index.js
<Buffer 4e 6f 64 65>
78
78
78
4e
Node

aminv@viper MINGW64 ~/OneDrive/Desktop/New folder/buffer (main)
$ ^C

aminv@viper MINGW64 ~/OneDrive/Desktop/New folder/buffer (main)
$  git status
On branch main
Your branch is up to date with 'origin/main'.

Untracked files:
  (use "git add <file>..." to include in what will be committed)
        ./

nothing added to commit but untracked files present (use "git add" to track)

aminv@viper MINGW64 ~/OneDrive/Desktop/New folder/buffer (main)
$   git add -A
warning: in the working copy of 'buffer/package.json', LF will be replaced by CRLF the next time Git touches it

aminv@viper MINGW64 ~/OneDrive/Desktop/New folder/buffer (main)
$   git add -A

aminv@viper MINGW64 ~/OneDrive/Desktop/New folder/buffer (main)
$ cd ..

aminv@viper MINGW64 ~/OneDrive/Desktop/New folder (main)
$  git status
On branch main
Your branch is up to date with 'origin/main'.

Changes to be committed:
  (use "git restore --staged <file>..." to unstage)
        new file:   buffer/index.js
        new file:   buffer/package.json


aminv@viper MINGW64 ~/OneDrive/Desktop/New folder (main)
$   cd buffer

aminv@viper MINGW64 ~/OneDrive/Desktop/New folder/buffer (main)
$  git commit -m" buffer data type sec:128"
[main 34e99ce]  buffer data type sec:128
 2 files changed, 36 insertions(+)
 create mode 100644 buffer/index.js
 create mode 100644 buffer/package.json

aminv@viper MINGW64 ~/OneDrive/Desktop/New folder/buffer (main)
$  git push
Enumerating objects: 6, done.
Counting objects: 100% (6/6), done.
Delta compression using up to 4 threads
Compressing objects: 100% (5/5), done.
Writing objects: 100% (5/5), 709 bytes | 709.00 KiB/s, done.
Total 5 (delta 1), reused 0 (delta 0), pack-reused 0 (from 0)
remote: Resolving deltas: 100% (1/1), completed with 1 local object.
To https://github.com/aminvv/nodejs.git
   10069b5..34e99ce  main -> main

aminv@viper MINGW64 ~/OneDrive/Desktop/New folder/buffer (main)
$  node index.js
[Function: toJSON]
object

aminv@viper MINGW64 ~/OneDrive/Desktop/New folder/buffer (main)
$  node index.js
{ type: 'Buffer', data: [ 78, 111, 100, 101, 74, 83 ] }
object

aminv@viper MINGW64 ~/OneDrive/Desktop/New folder/buffer (main)
$  node index.js
C:\Users\aminv\OneDrive\Desktop\New folder\buffer\index.js:26
const buff=Buffer.from("NodeJS")
      ^

SyntaxError: Identifier 'buff' has already been declared
    at wrapSafe (node:internal/modules/cjs/loader:1486:18)
    at Module._compile (node:internal/modules/cjs/loader:1528:20)
    at Object..js (node:internal/modules/cjs/loader:1706:10)
    at Module.load (node:internal/modules/cjs/loader:1289:32)
    at Function._load (node:internal/modules/cjs/loader:1108:12)
    at TracingChannel.traceSync (node:diagnostics_channel:322:14)
    at wrapModuleLoad (node:internal/modules/cjs/loader:220:24)
    at Function.executeUserEntryPoint [as runMain] (node:internal/modules/run_main:170:5)
    at node:internal/main/run_main_module:36:49

Node.js v22.14.0

aminv@viper MINGW64 ~/OneDrive/Desktop/New folder/buffer (main)
$  node index.js
<Buffer 4e 6e 64 65>
78
78
78
4e
Nnde
{ type: 'Buffer', data: [ 78, 111, 100, 101, 74, 83 ] }
object

aminv@viper MINGW64 ~/OneDrive/Desktop/New folder/buffer (main)
$  node index.js
{ type: 'Buffer', data: [ 78, 111, 100, 101, 74, 83 ] }
object
NodeJS

aminv@viper MINGW64 ~/OneDrive/Desktop/New folder/buffer (main)
$  node index.js
{ type: 'Buffer', data: [ 78, 111, 100, 101, 74, 83 ] }
object
buff2 NodeJS

aminv@viper MINGW64 ~/OneDrive/Desktop/New folder/buffer (main)
$  node index.js
{ type: 'Buffer', data: [ 78, 111, 100, 101, 74, 83 ] }
object
NodeJS

aminv@viper MINGW64 ~/OneDrive/Desktop/New folder/buffer (main)
$ ^C

aminv@viper MINGW64 ~/OneDrive/Desktop/New folder/buffer (main)
$  git status
On branch main
Your branch is up to date with 'origin/main'.

Changes not staged for commit:
  (use "git add <file>..." to update what will be committed)
  (use "git restore <file>..." to discard changes in working directory)
        modified:   index.js

no changes added to commit (use "git add" and/or "git commit -a")

aminv@viper MINGW64 ~/OneDrive/Desktop/New folder/buffer (main)
$  git add -A

aminv@viper MINGW64 ~/OneDrive/Desktop/New folder/buffer (main)
$ git commit -m" buffer dataType part2 sec:129"
[main 05ad52a]  buffer dataType part2 sec:129loream
aminv@viper MINGW64 ~/OneDrive/Desktop/New folder (main)
$  node index.js
node:internal/modules/cjs/loader:1228
  throw err;
  ^

Error: Cannot find module 'C:\Users\aminv\OneDrive\Desktop\New folder\index.js'
    at Function._resolveFilename (node:internal/modules/cjs/loader:1225:15)
    at Function._load (node:internal/modules/cjs/loader:1055:27)
    at TracingChannel.traceSync (node:diagnostics_channel:322:14)
    at wrapModuleLoad (node:internal/modules/cjs/loader:220:24)
    at Function.executeUserEntryPoint [as runMain] (node:internal/modules/run_main:170:5)
    at node:internal/main/run_main_module:36:49 {
  code: 'MODULE_NOT_FOUND',
  requireStack: []
}

Node.js v22.14.0

aminv@viper MINGW64 ~/OneDrive/Desktop/New folder (main)
$ cd buffer

aminv@viper MINGW64 ~/OneDrive/Desktop/New folder/buffer (main)
$  node index.js
<Buffer 4e 6f 64 65 4a 53>
78
[Function: codePointAt]
(node:6796) [DEP0005] DeprecationWarning: Buffer() is deprecated due to security and usability issues. Please use the Buffer.alloc(), Buffer.allocUnsafe(), or Buffer.from() methods instead.
(Use `node --trace-deprecation ...` to show where the warning was created)

aminv@viper MINGW64 ~/OneDrive/Desktop/New folder/buffer (main)
$  node index.js
<Buffer 4e 6f 64 65 4a 53>
78
78
(node:2628) [DEP0005] DeprecationWarning: Buffer() is deprecated due to security and usability issues. Please use the Buffer.alloc(), Buffer.allocUnsafe(), or Buffer.from() methods instead.
(Use `node --trace-deprecation ...` to show where the warning was created)

aminv@viper MINGW64 ~/OneDrive/Desktop/New folder/buffer (main)
$  node index.js
<Buffer 4e 6f 64 65 4a 53>
78
110
(node:10164) [DEP0005] DeprecationWarning: Buffer() is deprecated due to security and usability issues. Please use the Buffer.alloc(), Buffer.allocUnsafe(), or Buffer.from() methods instead.
(Use `node --trace-deprecation ...` to show where the warning was created)

aminv@viper MINGW64 ~/OneDrive/Desktop/New folder/buffer (main)
$  node index.js
<Buffer 4e 6f 64 65 4a 53>
78
78

aminv@viper MINGW64 ~/OneDrive/Desktop/New folder/buffer (main)
$  node index.js
<Buffer 4e 6f 64 65 4a 53>
78
78
65

aminv@viper MINGW64 ~/OneDrive/Desktop/New folder/buffer (main)
$  node index.js
<Buffer 4e 6f 64 65 4a 53>
78
[Function: codePointAt]
78

aminv@viper MINGW64 ~/OneDrive/Desktop/New folder/buffer (main)
$  node index.js
<Buffer 4e 6f 64 65 4a 53>
78
78
78
4e

aminv@viper MINGW64 ~/OneDrive/Desktop/New folder/buffer (main)
$  node index.js
<Buffer 4e 6f 64 65 4a 53>
78
78
78
4e
node:buffer:862
    throw new ERR_UNKNOWN_ENCODING(encoding);
    ^

TypeError [ERR_UNKNOWN_ENCODING]: Unknown encoding: 16
    at Buffer.toString (node:buffer:862:11)
    at Object.<anonymous> (C:\Users\aminv\OneDrive\Desktop\New folder\buffer\index.js:7:19)
    at Module._compile (node:internal/modules/cjs/loader:1554:14)
    at Object..js (node:internal/modules/cjs/loader:1706:10)
    at Module.load (node:internal/modules/cjs/loader:1289:32)
    at Function._load (node:internal/modules/cjs/loader:1108:12)
    at TracingChannel.traceSync (node:diagnostics_channel:322:14)
    at wrapModuleLoad (node:internal/modules/cjs/loader:220:24)
    at Function.executeUserEntryPoint [as runMain] (node:internal/modules/run_main:170:5)
    at node:internal/main/run_main_module:36:49 {
  code: 'ERR_UNKNOWN_ENCODING'
}

Node.js v22.14.0

aminv@viper MINGW64 ~/OneDrive/Desktop/New folder/buffer (main)
$  node index.js
<Buffer 4e 6f 64 65 4a 53>
78
78
78
4e
NodeJS

aminv@viper MINGW64 ~/OneDrive/Desktop/New folder/buffer (main)
$  node index.js
<Buffer 00 00 00 00>
0
78
78
4e


aminv@viper MINGW64 ~/OneDrive/Desktop/New folder/buffer (main)
$  node index.js
<Buffer 00 00 00 00>
0
78
78
4e


aminv@viper MINGW64 ~/OneDrive/Desktop/New folder/buffer (main)
$  node index.js
C:\Users\aminv\OneDrive\Desktop\New folder\buffer\index.js:13
 Buffer.write("Node")
        ^

TypeError: Buffer.write is not a function
    at Object.<anonymous> (C:\Users\aminv\OneDrive\Desktop\New folder\buffer\index.js:13:9)
    at Module._compile (node:internal/modules/cjs/loader:1554:14)
    at Object..js (node:internal/modules/cjs/loader:1706:10)
    at Module.load (node:internal/modules/cjs/loader:1289:32)
    at Function._load (node:internal/modules/cjs/loader:1108:12)
    at TracingChannel.traceSync (node:diagnostics_channel:322:14)
    at wrapModuleLoad (node:internal/modules/cjs/loader:220:24)
    at Function.executeUserEntryPoint [as runMain] (node:internal/modules/run_main:170:5)
    at node:internal/main/run_main_module:36:49

Node.js v22.14.0

aminv@viper MINGW64 ~/OneDrive/Desktop/New folder/buffer (main)
$  node index.js
C:\Users\aminv\OneDrive\Desktop\New folder\buffer\index.js:13
 Buffer.write("Node")
        ^

TypeError: Buffer.write is not a function
    at Object.<anonymous> (C:\Users\aminv\OneDrive\Desktop\New folder\buffer\index.js:13:9)
    at Module._compile (node:internal/modules/cjs/loader:1554:14)
    at Object..js (node:internal/modules/cjs/loader:1706:10)
    at Module.load (node:internal/modules/cjs/loader:1289:32)
    at Function._load (node:internal/modules/cjs/loader:1108:12)
    at TracingChannel.traceSync (node:diagnostics_channel:322:14)
    at wrapModuleLoad (node:internal/modules/cjs/loader:220:24)
    at Function.executeUserEntryPoint [as runMain] (node:internal/modules/run_main:170:5)
    at node:internal/main/run_main_module:36:49

Node.js v22.14.0

aminv@viper MINGW64 ~/OneDrive/Desktop/New folder/buffer (main)
$  node index.js
<Buffer 4e 6f 64 65>
78
78
78
4e
Node

aminv@viper MINGW64 ~/OneDrive/Desktop/New folder/buffer (main)
$ ^C

aminv@viper MINGW64 ~/OneDrive/Desktop/New folder/buffer (main)
$  git status
On branch main
Your branch is up to date with 'origin/main'.

Untracked files:
  (use "git add <file>..." to include in what will be committed)
        ./

nothing added to commit but untracked files present (use "git add" to track)

aminv@viper MINGW64 ~/OneDrive/Desktop/New folder/buffer (main)
$   git add -A
warning: in the working copy of 'buffer/package.json', LF will be replaced by CRLF the next time Git touches it

aminv@viper MINGW64 ~/OneDrive/Desktop/New folder/buffer (main)
$   git add -A

aminv@viper MINGW64 ~/OneDrive/Desktop/New folder/buffer (main)
$ cd ..

aminv@viper MINGW64 ~/OneDrive/Desktop/New folder (main)
$  git status
On branch main
Your branch is up to date with 'origin/main'.

Changes to be committed:
  (use "git restore --staged <file>..." to unstage)
        new file:   buffer/index.js
        new file:   buffer/package.json


aminv@viper MINGW64 ~/OneDrive/Desktop/New folder (main)
$   cd buffer

aminv@viper MINGW64 ~/OneDrive/Desktop/New folder/buffer (main)
$  git commit -m" buffer data type sec:128"
[main 34e99ce]  buffer data type sec:128
 2 files changed, 36 insertions(+)
 create mode 100644 buffer/index.js
 create mode 100644 buffer/package.json

aminv@viper MINGW64 ~/OneDrive/Desktop/New folder/buffer (main)
$  git push
Enumerating objects: 6, done.
Counting objects: 100% (6/6), done.
Delta compression using up to 4 threads
Compressing objects: 100% (5/5), done.
Writing objects: 100% (5/5), 709 bytes | 709.00 KiB/s, done.
Total 5 (delta 1), reused 0 (delta 0), pack-reused 0 (from 0)
remote: Resolving deltas: 100% (1/1), completed with 1 local object.
To https://github.com/aminvv/nodejs.git
   10069b5..34e99ce  main -> main

aminv@viper MINGW64 ~/OneDrive/Desktop/New folder/buffer (main)
$  node index.js
[Function: toJSON]
object

aminv@viper MINGW64 ~/OneDrive/Desktop/New folder/buffer (main)
$  node index.js
{ type: 'Buffer', data: [ 78, 111, 100, 101, 74, 83 ] }
object

aminv@viper MINGW64 ~/OneDrive/Desktop/New folder/buffer (main)
$  node index.js
C:\Users\aminv\OneDrive\Desktop\New folder\buffer\index.js:26
const buff=Buffer.from("NodeJS")
      ^

SyntaxError: Identifier 'buff' has already been declared
    at wrapSafe (node:internal/modules/cjs/loader:1486:18)
    at Module._compile (node:internal/modules/cjs/loader:1528:20)
    at Object..js (node:internal/modules/cjs/loader:1706:10)
    at Module.load (node:internal/modules/cjs/loader:1289:32)
    at Function._load (node:internal/modules/cjs/loader:1108:12)
    at TracingChannel.traceSync (node:diagnostics_channel:322:14)
    at wrapModuleLoad (node:internal/modules/cjs/loader:220:24)
    at Function.executeUserEntryPoint [as runMain] (node:internal/modules/run_main:170:5)
    at node:internal/main/run_main_module:36:49

Node.js v22.14.0

aminv@viper MINGW64 ~/OneDrive/Desktop/New folder/buffer (main)
$  node index.js
<Buffer 4e 6e 64 65>
78
78
78
4e
Nnde
{ type: 'Buffer', data: [ 78, 111, 100, 101, 74, 83 ] }
object

aminv@viper MINGW64 ~/OneDrive/Desktop/New folder/buffer (main)
$  node index.js
{ type: 'Buffer', data: [ 78, 111, 100, 101, 74, 83 ] }
object
NodeJS

aminv@viper MINGW64 ~/OneDrive/Desktop/New folder/buffer (main)
$  node index.js
{ type: 'Buffer', data: [ 78, 111, 100, 101, 74, 83 ] }
object
buff2 NodeJS

aminv@viper MINGW64 ~/OneDrive/Desktop/New folder/buffer (main)
$  node index.js
{ type: 'Buffer', data: [ 78, 111, 100, 101, 74, 83 ] }
object
NodeJS

aminv@viper MINGW64 ~/OneDrive/Desktop/New folder/buffer (main)
$ ^C

aminv@viper MINGW64 ~/OneDrive/Desktop/New folder/buffer (main)
$  git status
On branch main
Your branch is up to date with 'origin/main'.

Changes not staged for commit:
  (use "git add <file>..." to update what will be committed)
  (use "git restore <file>..." to discard changes in working directory)
        modified:   index.js

no changes added to commit (use "git add" and/or "git commit -a")

aminv@viper MINGW64 ~/OneDrive/Desktop/New folder/buffer (main)
$  git add -A

aminv@viper MINGW64 ~/OneDrive/Desktop/New folder/buffer (main)
$ git commit -m" buffer dataType part2 sec:129"
[main 05ad52a]  buffer dataType part2 sec:129loream
aminv@viper MINGW64 ~/OneDrive/Desktop/New folder (main)
$  node index.js
node:internal/modules/cjs/loader:1228
  throw err;
  ^

Error: Cannot find module 'C:\Users\aminv\OneDrive\Desktop\New folder\index.js'
    at Function._resolveFilename (node:internal/modules/cjs/loader:1225:15)
    at Function._load (node:internal/modules/cjs/loader:1055:27)
    at TracingChannel.traceSync (node:diagnostics_channel:322:14)
    at wrapModuleLoad (node:internal/modules/cjs/loader:220:24)
    at Function.executeUserEntryPoint [as runMain] (node:internal/modules/run_main:170:5)
    at node:internal/main/run_main_module:36:49 {
  code: 'MODULE_NOT_FOUND',
  requireStack: []
}

Node.js v22.14.0

aminv@viper MINGW64 ~/OneDrive/Desktop/New folder (main)
$ cd buffer

aminv@viper MINGW64 ~/OneDrive/Desktop/New folder/buffer (main)
$  node index.js
<Buffer 4e 6f 64 65 4a 53>
78
[Function: codePointAt]
(node:6796) [DEP0005] DeprecationWarning: Buffer() is deprecated due to security and usability issues. Please use the Buffer.alloc(), Buffer.allocUnsafe(), or Buffer.from() methods instead.
(Use `node --trace-deprecation ...` to show where the warning was created)

aminv@viper MINGW64 ~/OneDrive/Desktop/New folder/buffer (main)
$  node index.js
<Buffer 4e 6f 64 65 4a 53>
78
78
(node:2628) [DEP0005] DeprecationWarning: Buffer() is deprecated due to security and usability issues. Please use the Buffer.alloc(), Buffer.allocUnsafe(), or Buffer.from() methods instead.
(Use `node --trace-deprecation ...` to show where the warning was created)

aminv@viper MINGW64 ~/OneDrive/Desktop/New folder/buffer (main)
$  node index.js
<Buffer 4e 6f 64 65 4a 53>
78
110
(node:10164) [DEP0005] DeprecationWarning: Buffer() is deprecated due to security and usability issues. Please use the Buffer.alloc(), Buffer.allocUnsafe(), or Buffer.from() methods instead.
(Use `node --trace-deprecation ...` to show where the warning was created)

aminv@viper MINGW64 ~/OneDrive/Desktop/New folder/buffer (main)
$  node index.js
<Buffer 4e 6f 64 65 4a 53>
78
78

aminv@viper MINGW64 ~/OneDrive/Desktop/New folder/buffer (main)
$  node index.js
<Buffer 4e 6f 64 65 4a 53>
78
78
65

aminv@viper MINGW64 ~/OneDrive/Desktop/New folder/buffer (main)
$  node index.js
<Buffer 4e 6f 64 65 4a 53>
78
[Function: codePointAt]
78

aminv@viper MINGW64 ~/OneDrive/Desktop/New folder/buffer (main)
$  node index.js
<Buffer 4e 6f 64 65 4a 53>
78
78
78
4e

aminv@viper MINGW64 ~/OneDrive/Desktop/New folder/buffer (main)
$  node index.js
<Buffer 4e 6f 64 65 4a 53>
78
78
78
4e
node:buffer:862
    throw new ERR_UNKNOWN_ENCODING(encoding);
    ^

TypeError [ERR_UNKNOWN_ENCODING]: Unknown encoding: 16
    at Buffer.toString (node:buffer:862:11)
    at Object.<anonymous> (C:\Users\aminv\OneDrive\Desktop\New folder\buffer\index.js:7:19)
    at Module._compile (node:internal/modules/cjs/loader:1554:14)
    at Object..js (node:internal/modules/cjs/loader:1706:10)
    at Module.load (node:internal/modules/cjs/loader:1289:32)
    at Function._load (node:internal/modules/cjs/loader:1108:12)
    at TracingChannel.traceSync (node:diagnostics_channel:322:14)
    at wrapModuleLoad (node:internal/modules/cjs/loader:220:24)
    at Function.executeUserEntryPoint [as runMain] (node:internal/modules/run_main:170:5)
    at node:internal/main/run_main_module:36:49 {
  code: 'ERR_UNKNOWN_ENCODING'
}

Node.js v22.14.0

aminv@viper MINGW64 ~/OneDrive/Desktop/New folder/buffer (main)
$  node index.js
<Buffer 4e 6f 64 65 4a 53>
78
78
78
4e
NodeJS

aminv@viper MINGW64 ~/OneDrive/Desktop/New folder/buffer (main)
$  node index.js
<Buffer 00 00 00 00>
0
78
78
4e


aminv@viper MINGW64 ~/OneDrive/Desktop/New folder/buffer (main)
$  node index.js
<Buffer 00 00 00 00>
0
78
78
4e


aminv@viper MINGW64 ~/OneDrive/Desktop/New folder/buffer (main)
$  node index.js
C:\Users\aminv\OneDrive\Desktop\New folder\buffer\index.js:13
 Buffer.write("Node")
        ^

TypeError: Buffer.write is not a function
    at Object.<anonymous> (C:\Users\aminv\OneDrive\Desktop\New folder\buffer\index.js:13:9)
    at Module._compile (node:internal/modules/cjs/loader:1554:14)
    at Object..js (node:internal/modules/cjs/loader:1706:10)
    at Module.load (node:internal/modules/cjs/loader:1289:32)
    at Function._load (node:internal/modules/cjs/loader:1108:12)
    at TracingChannel.traceSync (node:diagnostics_channel:322:14)
    at wrapModuleLoad (node:internal/modules/cjs/loader:220:24)
    at Function.executeUserEntryPoint [as runMain] (node:internal/modules/run_main:170:5)
    at node:internal/main/run_main_module:36:49

Node.js v22.14.0

aminv@viper MINGW64 ~/OneDrive/Desktop/New folder/buffer (main)
$  node index.js
C:\Users\aminv\OneDrive\Desktop\New folder\buffer\index.js:13
 Buffer.write("Node")
        ^

TypeError: Buffer.write is not a function
    at Object.<anonymous> (C:\Users\aminv\OneDrive\Desktop\New folder\buffer\index.js:13:9)
    at Module._compile (node:internal/modules/cjs/loader:1554:14)
    at Object..js (node:internal/modules/cjs/loader:1706:10)
    at Module.load (node:internal/modules/cjs/loader:1289:32)
    at Function._load (node:internal/modules/cjs/loader:1108:12)
    at TracingChannel.traceSync (node:diagnostics_channel:322:14)
    at wrapModuleLoad (node:internal/modules/cjs/loader:220:24)
    at Function.executeUserEntryPoint [as runMain] (node:internal/modules/run_main:170:5)
    at node:internal/main/run_main_module:36:49

Node.js v22.14.0

aminv@viper MINGW64 ~/OneDrive/Desktop/New folder/buffer (main)
$  node index.js
<Buffer 4e 6f 64 65>
78
78
78
4e
Node

aminv@viper MINGW64 ~/OneDrive/Desktop/New folder/buffer (main)
$ ^C

aminv@viper MINGW64 ~/OneDrive/Desktop/New folder/buffer (main)
$  git status
On branch main
Your branch is up to date with 'origin/main'.

Untracked files:
  (use "git add <file>..." to include in what will be committed)
        ./

nothing added to commit but untracked files present (use "git add" to track)

aminv@viper MINGW64 ~/OneDrive/Desktop/New folder/buffer (main)
$   git add -A
warning: in the working copy of 'buffer/package.json', LF will be replaced by CRLF the next time Git touches it

aminv@viper MINGW64 ~/OneDrive/Desktop/New folder/buffer (main)
$   git add -A

aminv@viper MINGW64 ~/OneDrive/Desktop/New folder/buffer (main)
$ cd ..

aminv@viper MINGW64 ~/OneDrive/Desktop/New folder (main)
$  git status
On branch main
Your branch is up to date with 'origin/main'.

Changes to be committed:
  (use "git restore --staged <file>..." to unstage)
        new file:   buffer/index.js
        new file:   buffer/package.json


aminv@viper MINGW64 ~/OneDrive/Desktop/New folder (main)
$   cd buffer

aminv@viper MINGW64 ~/OneDrive/Desktop/New folder/buffer (main)
$  git commit -m" buffer data type sec:128"
[main 34e99ce]  buffer data type sec:128
 2 files changed, 36 insertions(+)
 create mode 100644 buffer/index.js
 create mode 100644 buffer/package.json

aminv@viper MINGW64 ~/OneDrive/Desktop/New folder/buffer (main)
$  git push
Enumerating objects: 6, done.
Counting objects: 100% (6/6), done.
Delta compression using up to 4 threads
Compressing objects: 100% (5/5), done.
Writing objects: 100% (5/5), 709 bytes | 709.00 KiB/s, done.
Total 5 (delta 1), reused 0 (delta 0), pack-reused 0 (from 0)
remote: Resolving deltas: 100% (1/1), completed with 1 local object.
To https://github.com/aminvv/nodejs.git
   10069b5..34e99ce  main -> main

aminv@viper MINGW64 ~/OneDrive/Desktop/New folder/buffer (main)
$  node index.js
[Function: toJSON]
object

aminv@viper MINGW64 ~/OneDrive/Desktop/New folder/buffer (main)
$  node index.js
{ type: 'Buffer', data: [ 78, 111, 100, 101, 74, 83 ] }
object

aminv@viper MINGW64 ~/OneDrive/Desktop/New folder/buffer (main)
$  node index.js
C:\Users\aminv\OneDrive\Desktop\New folder\buffer\index.js:26
const buff=Buffer.from("NodeJS")
      ^

SyntaxError: Identifier 'buff' has already been declared
    at wrapSafe (node:internal/modules/cjs/loader:1486:18)
    at Module._compile (node:internal/modules/cjs/loader:1528:20)
    at Object..js (node:internal/modules/cjs/loader:1706:10)
    at Module.load (node:internal/modules/cjs/loader:1289:32)
    at Function._load (node:internal/modules/cjs/loader:1108:12)
    at TracingChannel.traceSync (node:diagnostics_channel:322:14)
    at wrapModuleLoad (node:internal/modules/cjs/loader:220:24)
    at Function.executeUserEntryPoint [as runMain] (node:internal/modules/run_main:170:5)
    at node:internal/main/run_main_module:36:49

Node.js v22.14.0

aminv@viper MINGW64 ~/OneDrive/Desktop/New folder/buffer (main)
$  node index.js
<Buffer 4e 6e 64 65>
78
78
78
4e
Nnde
{ type: 'Buffer', data: [ 78, 111, 100, 101, 74, 83 ] }
object

aminv@viper MINGW64 ~/OneDrive/Desktop/New folder/buffer (main)
$  node index.js
{ type: 'Buffer', data: [ 78, 111, 100, 101, 74, 83 ] }
object
NodeJS

aminv@viper MINGW64 ~/OneDrive/Desktop/New folder/buffer (main)
$  node index.js
{ type: 'Buffer', data: [ 78, 111, 100, 101, 74, 83 ] }
object
buff2 NodeJS

aminv@viper MINGW64 ~/OneDrive/Desktop/New folder/buffer (main)
$  node index.js
{ type: 'Buffer', data: [ 78, 111, 100, 101, 74, 83 ] }
object
NodeJS

aminv@viper MINGW64 ~/OneDrive/Desktop/New folder/buffer (main)
$ ^C

aminv@viper MINGW64 ~/OneDrive/Desktop/New folder/buffer (main)
$  git status
On branch main
Your branch is up to date with 'origin/main'.

Changes not staged for commit:
  (use "git add <file>..." to update what will be committed)
  (use "git restore <file>..." to discard changes in working directory)
        modified:   index.js

no changes added to commit (use "git add" and/or "git commit -a")

aminv@viper MINGW64 ~/OneDrive/Desktop/New folder/buffer (main)
$  git add -A

aminv@viper MINGW64 ~/OneDrive/Desktop/New folder/buffer (main)
$ git commit -m" buffer dataType part2 sec:129"
[main 05ad52a]  buffer dataType part2 sec:129